Archive member included because of file (symbol)

../Lab0_bsp/\libucosii_bsp.a(alt_main.o)
                              ../Lab0_bsp//obj/HAL/src/crt0.o (alt_main)
../Lab0_bsp/\libucosii_bsp.a(alt_env_lock.o)
                              ../Lab0_bsp/\libucosii_bsp.a(alt_main.o) (alt_envsem)
../Lab0_bsp/\libucosii_bsp.a(alt_malloc_lock.o)
                              ../Lab0_bsp/\libucosii_bsp.a(alt_main.o) (alt_heapsem)
../Lab0_bsp/\libucosii_bsp.a(os_core.o)
                              obj/hello_ucosii.o (OSTCBCur)
../Lab0_bsp/\libucosii_bsp.a(os_dbg.o)
                              ../Lab0_bsp/\libucosii_bsp.a(os_core.o) (OSDebugInit)
../Lab0_bsp/\libucosii_bsp.a(os_flag.o)
                              ../Lab0_bsp/\libucosii_bsp.a(os_core.o) (OS_FlagInit)
../Lab0_bsp/\libucosii_bsp.a(os_mem.o)
                              ../Lab0_bsp/\libucosii_bsp.a(os_core.o) (OS_MemInit)
../Lab0_bsp/\libucosii_bsp.a(os_q.o)
                              ../Lab0_bsp/\libucosii_bsp.a(os_core.o) (OS_QInit)
../Lab0_bsp/\libucosii_bsp.a(os_sem.o)
                              ../Lab0_bsp/\libucosii_bsp.a(alt_main.o) (OSSemCreate)
../Lab0_bsp/\libucosii_bsp.a(os_task.o)
                              obj/hello_ucosii.o (OSTaskCreateExt)
../Lab0_bsp/\libucosii_bsp.a(os_time.o)
                              obj/hello_ucosii.o (OSTimeDly)
../Lab0_bsp/\libucosii_bsp.a(alt_sys_init.o)
                              ../Lab0_bsp/\libucosii_bsp.a(alt_main.o) (alt_irq_init)
../Lab0_bsp/\libucosii_bsp.a(altera_avalon_epcs_flash_controller.o)
                              ../Lab0_bsp/\libucosii_bsp.a(alt_sys_init.o) (alt_epcs_flash_init)
../Lab0_bsp/\libucosii_bsp.a(altera_avalon_jtag_uart_fd.o)
                              ../Lab0_bsp/\libucosii_bsp.a(alt_sys_init.o) (altera_avalon_jtag_uart_read_fd)
../Lab0_bsp/\libucosii_bsp.a(altera_avalon_jtag_uart_init.o)
                              ../Lab0_bsp/\libucosii_bsp.a(alt_sys_init.o) (altera_avalon_jtag_uart_init)
../Lab0_bsp/\libucosii_bsp.a(altera_avalon_jtag_uart_ioctl.o)
                              ../Lab0_bsp/\libucosii_bsp.a(altera_avalon_jtag_uart_fd.o) (altera_avalon_jtag_uart_ioctl)
../Lab0_bsp/\libucosii_bsp.a(altera_avalon_jtag_uart_read.o)
                              ../Lab0_bsp/\libucosii_bsp.a(altera_avalon_jtag_uart_fd.o) (altera_avalon_jtag_uart_read)
../Lab0_bsp/\libucosii_bsp.a(altera_avalon_jtag_uart_write.o)
                              ../Lab0_bsp/\libucosii_bsp.a(altera_avalon_jtag_uart_fd.o) (altera_avalon_jtag_uart_write)
../Lab0_bsp/\libucosii_bsp.a(altera_avalon_timer_sc.o)
                              ../Lab0_bsp/\libucosii_bsp.a(alt_sys_init.o) (alt_avalon_timer_sc_init)
../Lab0_bsp/\libucosii_bsp.a(epcs_commands.o)
                              ../Lab0_bsp/\libucosii_bsp.a(altera_avalon_epcs_flash_controller.o) (epcs_sector_erase)
../Lab0_bsp/\libucosii_bsp.a(alt_alarm_start.o)
                              ../Lab0_bsp/\libucosii_bsp.a(altera_avalon_jtag_uart_init.o) (alt_alarm_start)
../Lab0_bsp/\libucosii_bsp.a(alt_close.o)
                              ../Lab0_bsp/\libucosii_bsp.a(alt_main.o) (close)
../Lab0_bsp/\libucosii_bsp.a(alt_dev.o)
                              ../Lab0_bsp/\libucosii_bsp.a(alt_sys_init.o) (alt_dev_list)
../Lab0_bsp/\libucosii_bsp.a(alt_dev_llist_insert.o)
                              ../Lab0_bsp/\libucosii_bsp.a(alt_sys_init.o) (alt_dev_llist_insert)
../Lab0_bsp/\libucosii_bsp.a(alt_do_ctors.o)
                              ../Lab0_bsp/\libucosii_bsp.a(alt_main.o) (_do_ctors)
../Lab0_bsp/\libucosii_bsp.a(alt_do_dtors.o)
                              ../Lab0_bsp/\libucosii_bsp.a(alt_main.o) (_do_dtors)
../Lab0_bsp/\libucosii_bsp.a(alt_errno.o)
                              ../Lab0_bsp/\libucosii_bsp.a(alt_close.o) (alt_errno)
../Lab0_bsp/\libucosii_bsp.a(alt_flash_dev.o)
                              ../Lab0_bsp/\libucosii_bsp.a(altera_avalon_epcs_flash_controller.o) (alt_flash_dev_list)
../Lab0_bsp/\libucosii_bsp.a(alt_iic.o)
                              ../Lab0_bsp/\libucosii_bsp.a(altera_avalon_jtag_uart_init.o) (alt_ic_isr_register)
../Lab0_bsp/\libucosii_bsp.a(alt_iic_isr_register.o)
                              ../Lab0_bsp/\libucosii_bsp.a(alt_iic.o) (alt_iic_isr_register)
../Lab0_bsp/\libucosii_bsp.a(alt_io_redirect.o)
                              ../Lab0_bsp/\libucosii_bsp.a(alt_main.o) (alt_io_redirect)
../Lab0_bsp/\libucosii_bsp.a(alt_irq_entry.o)
                              ../Lab0_bsp/\libucosii_bsp.a(alt_iic_isr_register.o) (alt_irq_entry)
../Lab0_bsp/\libucosii_bsp.a(alt_irq_handler.o)
                              ../Lab0_bsp/\libucosii_bsp.a(alt_iic_isr_register.o) (alt_irq_handler)
../Lab0_bsp/\libucosii_bsp.a(alt_irq_vars.o)
                              ../Lab0_bsp/\libucosii_bsp.a(alt_iic.o) (alt_irq_active)
../Lab0_bsp/\libucosii_bsp.a(alt_open.o)
[...]
Memory Configuration

Name             Origin             Length             Attributes
reset            0x00000000         0x00000020
epcs             0x00000020         0x000007e0
sdram_BEFORE_EXCEPTION 0x04000000         0x00000020
sdram            0x04000020         0x01ffffe0
*default*        0x00000000         0xffffffff

Linker script and memory map

LOAD ../Lab0_bsp//obj/HAL/src/crt0.o
LOAD obj/hello_ucosii.o
LOAD c:/altera/11.0sp1/nios2eds/bin/gnu/h-i686-mingw32/bin/../lib/gcc/nios2-elf/4.1.2/../../../../nios2-elf/lib\libstdc++.a
LOAD c:/altera/11.0sp1/nios2eds/bin/gnu/h-i686-mingw32/bin/../lib/gcc/nios2-elf/4.1.2/../../../../nios2-elf/lib\libm.a
LOAD c:/altera/11.0sp1/nios2eds/bin/gnu/h-i686-mingw32/bin/../lib/gcc/nios2-elf/4.1.2\libgcc.a
START GROUP
LOAD c:/altera/11.0sp1/nios2eds/bin/gnu/h-i686-mingw32/bin/../lib/gcc/nios2-elf/4.1.2/../../../../nios2-elf/lib\libc.a
LOAD c:/altera/11.0sp1/nios2eds/bin/gnu/h-i686-mingw32/bin/../lib/gcc/nios2-elf/4.1.2\libgcc.a
LOAD ../Lab0_bsp/\libucosii_bsp.a
END GROUP
LOAD c:/altera/11.0sp1/nios2eds/bin/gnu/h-i686-mingw32/bin/../lib/gcc/nios2-elf/4.1.2\libgcc.a
                0x00000000                __alt_mem_epcs = 0x0
                0x04000000                __alt_mem_sdram = 0x4000000

.entry          0x00000000        0x0
 *(.entry)
 .entry         0x00000000        0x0 ../Lab0_bsp//obj/HAL/src/crt0.o
                0x00000000                __reset

.exceptions     0x04000020      0x19c
                0x04000020                PROVIDE (__ram_exceptions_start, ABSOLUTE (.))
                0x04000020                . = ALIGN (0x20)
 *(.irq)
 *(.exceptions.entry.label)
 .exceptions.entry.label
                0x04000020        0x0 ../Lab0_bsp/\libucosii_bsp.a(alt_irq_entry.o)
                0x04000020                alt_irq_entry
 .exceptions.entry.label
                0x04000020        0x0 ../Lab0_bsp/\libucosii_bsp.a(alt_exception_entry.o)
                0x04000020                alt_exception
 *(.exceptions.entry.user)
 *(.exceptions.entry)
 .exceptions.entry
                0x04000020       0x54 ../Lab0_bsp/\libucosii_bsp.a(alt_exception_entry.o)
 *(.exceptions.irqtest.user)
 *(.exceptions.irqtest)
 .exceptions.irqtest
                0x04000074       0x10 ../Lab0_bsp/\libucosii_bsp.a(alt_irq_entry.o)
 *(.exceptions.irqhandler.user)
 *(.exceptions.irqhandler)
 .exceptions.irqhandler
                0x04000084        0x4 ../Lab0_bsp/\libucosii_bsp.a(alt_irq_entry.o)
 *(.exceptions.irqreturn.user)
 *(.exceptions.irqreturn)
 .exceptions.irqreturn
                0x04000088        0x4 ../Lab0_bsp/\libucosii_bsp.a(alt_irq_entry.o)
 *(.exceptions.notirq.label)
 .exceptions.notirq.label
                0x0400008c        0x0 ../Lab0_bsp/\libucosii_bsp.a(alt_irq_entry.o)
 *(.exceptions.notirq.user)
 *(.exceptions.notirq)
 .exceptions.notirq
                0x0400008c        0x8 ../Lab0_bsp/\libucosii_bsp.a(alt_exception_entry.o)
 *(.exceptions.soft.user)
 *(.exceptions.soft)
 *(.exceptions.unknown.user)
 *(.exceptions.unknown)
 .exceptions.unknown
                0x04000094        0x4 ../Lab0_bsp/\libucosii_bsp.a(alt_exception_entry.o)
 *(.exceptions.exit.label)
 .exceptions.exit.label
                0x04000098        0x0 ../Lab0_bsp/\libucosii_bsp.a(alt_irq_entry.o)
 .exceptions.exit.label
                0x04000098        0x0 ../Lab0_bsp/\libucosii_bsp.a(alt_exception_entry.o)
 *(.exceptions.exit.user)
 *(.exceptions.exit)
 .exceptions.exit
                0x04000098       0x54 ../Lab0_bsp/\libucosii_bsp.a(alt_exception_entry.o)
 *(.exceptions)
 .exceptions    0x040000ec       0xd0 ../Lab0_bsp/\libucosii_bsp.a(alt_irq_handler.o)
                0x040000ec                alt_irq_handler
                0x040001bc                PROVIDE (__ram_exceptions_end, ABSOLUTE (.))
                0x04000020                PROVIDE (__flash_exceptions_start, LOADADDR (.exceptions))

.text           0x040001bc    0x161fc
                0x040001bc                PROVIDE (stext, ABSOLUTE (.))
 *(.interp)
 *(.hash)
 *(.dynsym)
 *(.dynstr)
 *(.gnu.version)
 *(.gnu.version_d)
 *(.gnu.version_r)
 *(.rel.init)
 *(.rela.init)
 *(.rel.text .rel.text.* .rel.gnu.linkonce.t.*)
 *(.rela.text .rela.text.* .rela.gnu.linkonce.t.*)
 *(.rel.fini)
 *(.rela.fini)
 *(.rel.rodata .rel.rodata.* .rel.gnu.linkonce.r.*)
 *(.rela.rodata .rela.rodata.* .rela.gnu.linkonce.r.*)
 *(.rel.data .rel.data.* .rel.gnu.linkonce.d.*)
 *(.rela.data .rela.data.* .rela.gnu.linkonce.d.*)
 *(.rel.tdata .rel.tdata.* .rel.gnu.linkonce.td.*)
 *(.rela.tdata .rela.tdata.* .rela.gnu.linkonce.td.*)
 *(.rel.tbss .rel.tbss.* .rel.gnu.linkonce.tb.*)
 *(.rela.tbss .rela.tbss.* .rela.gnu.linkonce.tb.*)
 *(.rel.ctors)
 *(.rela.ctors)
 *(.rel.dtors)
 *(.rela.dtors)
 *(.rel.got)
 *(.rela.got)
 *(.rel.sdata .rel.sdata.* .rel.gnu.linkonce.s.*)
 *(.rela.sdata .rela.sdata.* .rela.gnu.linkonce.s.*)
 *(.rel.sbss .rel.sbss.* .rel.gnu.linkonce.sb.*)
 *(.rela.sbss .rela.sbss.* .rela.gnu.linkonce.sb.*)
 *(.rel.sdata2 .rel.sdata2.* .rel.gnu.linkonce.s2.*)
 *(.rela.sdata2 .rela.sdata2.* .rela.gnu.linkonce.s2.*)
 *(.rel.sbss2 .rel.sbss2.* .rel.gnu.linkonce.sb2.*)
 *(.rela.sbss2 .rela.sbss2.* .rela.gnu.linkonce.sb2.*)
 *(.rel.bss .rel.bss.* .rel.gnu.linkonce.b.*)
 *(.rela.bss .rela.bss.* .rela.gnu.linkonce.b.*)
 *(.rel.plt)
 *(.rela.plt)
 *(.rel.dyn)
 *(.init)
 *(.plt)
 *(.text .stub .text.* .gnu.linkonce.t.*)
 .text          0x040001bc       0x38 ../Lab0_bsp//obj/HAL/src/crt0.o
                0x040001bc                _start
 .text          0x040001f4      0x358 obj/hello_ucosii.o
                0x040001f4                task1
                0x040002c0                task2
                0x04000390                task3
                0x04000460                main
 .text          0x0400054c       0xc8 ../Lab0_bsp/\libucosii_bsp.a(alt_main.o)
                0x0400054c                alt_main
 .text          0x04000614      0x108 ../Lab0_bsp/\libucosii_bsp.a(alt_env_lock.o)
                0x04000614                __env_lock
                0x040006c0                __env_unlock
 .text          0x0400071c      0x1d8 ../Lab0_bsp/\libucosii_bsp.a(alt_malloc_lock.o)
                0x0400071c                __malloc_lock
                0x04000824                __malloc_unlock
 .text          0x040008f4     0x21a4 ../Lab0_bsp/\libucosii_bsp.a(os_core.o)
                0x040008f4                OSEventNameGet
                0x04000a24                OSEventNameSet
                0x04000b68                OSEventPendMulti
                0x0400121c                OSInit
                0x04001270                OSIntEnter
                0x040012ec                OSIntExit
                0x04001420                OSSchedLock
                0x040014ac                OSSchedUnlock
                0x04001590                OSStart
                0x04001600                OSStatInit
                0x040016ac                OSTimeTick
                0x04001900                OSVersion
                0x04001920                OS_Dummy
                0x0400193c                OS_EventTaskRdy
                0x04001ad0                OS_EventTaskWait
                0x04001be0                OS_EventTaskWaitMulti
                0x04001d34                OS_EventTaskRemove
                0x04001dec                OS_EventTaskRemoveMulti
                0x04001ef0                OS_EventWaitListInit
                0x040022bc                OS_MemClr
                0x04002310                OS_MemCopy
                0x0400237c                OS_Sched
                0x040024f4                OS_StrCopy
                0x04002574                OS_StrLen
                0x040025cc                OS_TaskIdle
                0x04002628                OS_TaskStat
                0x040026f0                OS_TaskStatStkChk
                0x040027b8                OS_TCBInit
 .text          0x04002a98      0x18c ../Lab0_bsp/\libucosii_bsp.a(os_dbg.o)
                0x04002a98                OSDebugInit
 .text          0x04002c24     0x193c ../Lab0_bsp/\libucosii_bsp.a(os_flag.o)
                0x04002c24                OSFlagAccept
                0x04002f58                OSFlagCreate
                0x04003094                OSFlagDel
                0x0400333c                OSFlagNameGet
                0x04003480                OSFlagNameSet
                0x040035d4                OSFlagPend
                0x04003c18                OSFlagPendGetFlagsRdy
                0x04003c80                OSFlagPost
                0x04004028                OSFlagQuery
                0x040042c0                OS_FlagInit
                0x040044b4                OS_FlagUnlink
 .text          0x04004560      0x808 ../Lab0_bsp/\libucosii_bsp.a(os_mem.o)
                0x04004560                OSMemCreate
                0x0400477c                OSMemGet
                0x04004880                OSMemNameGet
                0x0400498c                OSMemNameSet
                0x04004aac                OSMemPut
                0x04004b9c                OSMemQuery
                0x04004c98                OS_MemInit
 .text          0x04004d68     0x1334 ../Lab0_bsp/\libucosii_bsp.a(os_q.o)
                0x04004d68                OSQAccept
                0x04004ebc                OSQCreate
                0x040050d0                OSQDel
                0x040053d0                OSQFlush
                0x04005498                OSQPend
                0x040057b8                OSQPendAbort
                0x04005934                OSQPost
                0x04005ab4                OSQPostFront
                0x04005c3c                OSQPostOpt
                0x04005e70                OSQQuery
                0x04005ff0                OS_QInit
 .text          0x0400609c      0xbc8 ../Lab0_bsp/\libucosii_bsp.a(os_sem.o)
                0x0400609c                OSSemAccept
                0x0400615c                OSSemCreate
                0x04006270                OSSemDel
                0x04006510                OSSemPend
                0x0400678c                OSSemPendAbort
                0x04006908                OSSemPost
                0x04006a30                OSSemQuery
                0x04006b60                OSSemSet
 .text          0x04006c64     0x1a40 ../Lab0_bsp/\libucosii_bsp.a(os_task.o)
                0x04006c64                OSTaskChangePrio
                0x040071d8                OSTaskCreate
                0x040073ac                OSTaskCreateExt
                0x040075ac                OSTaskDel
                0x040079b8                OSTaskDelReq
                0x04007b28                OSTaskNameGet
                0x04007ce0                OSTaskNameSet
                0x04007ea4                OSTaskResume
                0x040080bc                OSTaskStkChk
                0x040082b8                OSTaskSuspend
                0x040084e4                OSTaskQuery
                0x04008628                OS_TaskStkClr
 .text          0x040086a4      0x59c ../Lab0_bsp/\libucosii_bsp.a(os_time.o)
                0x040086a4                OSTimeDly
                0x040087f0                OSTimeDlyHMSM
                0x04008968                OSTimeDlyResume
                0x04008b78                OSTimeGet
                0x04008bdc                OSTimeSet
 .text          0x04008c40       0xd0 ../Lab0_bsp/\libucosii_bsp.a(alt_sys_init.o)
                0x04008c40                alt_irq_init
                0x04008c74                alt_sys_init
 .text          0x04008d10      0x934 ../Lab0_bsp/\libucosii_bsp.a(altera_avalon_epcs_flash_controller.o)
                0x04008d10                alt_epcs_flash_init
                0x04009090                alt_epcs_flash_write
                0x04009310                alt_epcs_flash_get_info
                0x040093a0                alt_epcs_flash_erase_block
                0x040094a8                alt_epcs_flash_write_block
                0x040095b8                alt_epcs_flash_read
 .text          0x04009644      0x148 ../Lab0_bsp/\libucosii_bsp.a(altera_avalon_jtag_uart_fd.o)
                0x04009644                altera_avalon_jtag_uart_read_fd
                0x0400969c                altera_avalon_jtag_uart_write_fd
                0x040096f4                altera_avalon_jtag_uart_close_fd
                0x0400973c                altera_avalon_jtag_uart_ioctl_fd
 .text          0x0400978c      0x584 ../Lab0_bsp/\libucosii_bsp.a(altera_avalon_jtag_uart_init.o)
                0x0400978c                altera_avalon_jtag_uart_init
                0x04009c9c                altera_avalon_jtag_uart_close
 .text          0x04009d10       0xf4 ../Lab0_bsp/\libucosii_bsp.a(altera_avalon_jtag_uart_ioctl.o)
                0x04009d10                altera_avalon_jtag_uart_ioctl
 .text          0x04009e04      0x2c0 ../Lab0_bsp/\libucosii_bsp.a(altera_avalon_jtag_uart_read.o)
                0x04009e04                altera_avalon_jtag_uart_read
 .text          0x0400a0c4      0x2dc ../Lab0_bsp/\libucosii_bsp.a(altera_avalon_jtag_uart_write.o)
                0x0400a0c4                altera_avalon_jtag_uart_write
 .text          0x0400a3a0      0x100 ../Lab0_bsp/\libucosii_bsp.a(altera_avalon_timer_sc.o)
                0x0400a410                alt_avalon_timer_sc_init
 .text          0x0400a4a0      0x460 ../Lab0_bsp/\libucosii_bsp.a(epcs_commands.o)
                0x0400a4a0                epcs_read_status_register
                0x0400a500                epcs_sector_erase
                0x0400a5ec                epcs_read_buffer
                0x0400a6a0                epcs_write_enable
                0x0400a6f0                epcs_write_status_register
                0x0400a754                epcs_write_buffer
                0x0400a82c                epcs_read_electronic_signature
                0x0400a898                epcs_read_device_id
 .text          0x0400a900      0x154 ../Lab0_bsp/\libucosii_bsp.a(alt_alarm_start.o)
                0x0400a900                alt_alarm_start
 .text          0x0400aa54      0x15c ../Lab0_bsp/\libucosii_bsp.a(alt_close.o)
                0x0400aa54                close
 .text          0x0400abb0       0x2c ../Lab0_bsp/\libucosii_bsp.a(alt_dev.o)
 .text          0x0400abdc      0x114 ../Lab0_bsp/\libucosii_bsp.a(alt_dev_llist_insert.o)
                0x0400abdc                alt_dev_llist_insert
 .text          0x0400acf0       0x64 ../Lab0_bsp/\libucosii_bsp.a(alt_do_ctors.o)
                0x0400acf0                _do_ctors
 .text          0x0400ad54       0x64 ../Lab0_bsp/\libucosii_bsp.a(alt_do_dtors.o)
                0x0400ad54                _do_dtors
 .text          0x0400adb8        0x0 ../Lab0_bsp/\libucosii_bsp.a(alt_errno.o)
 .text          0x0400adb8       0xd0 ../Lab0_bsp/\libucosii_bsp.a(alt_flash_dev.o)
                0x0400adb8                alt_flash_open_dev
                0x0400ae34                alt_flash_close_dev
 .text          0x0400ae88      0x1d4 ../Lab0_bsp/\libucosii_bsp.a(alt_iic.o)
                0x0400ae88                alt_ic_isr_register
                0x0400aed8                alt_ic_irq_enable
                0x0400af74                alt_ic_irq_disable
                0x0400b014                alt_ic_irq_enabled
 .text          0x0400b05c       0xf8 ../Lab0_bsp/\libucosii_bsp.a(alt_iic_isr_register.o)
                0x0400b05c                alt_iic_isr_register
 .text          0x0400b154      0x13c ../Lab0_bsp/\libucosii_bsp.a(alt_io_redirect.o)
                0x0400b218                alt_io_redirect
 .text          0x0400b290        0x0 ../Lab0_bsp/\libucosii_bsp.a(alt_irq_entry.o)
 .text          0x0400b290        0x0 ../Lab0_bsp/\libucosii_bsp.a(alt_irq_handler.o)
 .text          0x0400b290        0x0 ../Lab0_bsp/\libucosii_bsp.a(alt_irq_vars.o)
 .text          0x0400b290      0x2c4 ../Lab0_bsp/\libucosii_bsp.a(alt_open.o)
                0x0400b36c                open
 .text          0x0400b554       0x60 ../Lab0_bsp/\libucosii_bsp.a(alt_release_fd.o)
                0x0400b554                alt_release_fd
 .text          0x0400b5b4      0x1a8 ../Lab0_bsp/\libucosii_bsp.a(alt_tick.o)
                0x0400b5b4                alt_alarm_stop
                0x0400b64c                alt_tick
 .text          0x0400b75c       0x20 ../Lab0_bsp/\libucosii_bsp.a(altera_nios2_irq.o)
                0x0400b75c                altera_nios2_irq_init
 .text          0x0400b77c       0xd0 ../Lab0_bsp/\libucosii_bsp.a(os_cpu_a.o)
                0x0400b77c                OSCtxSw
                0x0400b77c                OSIntCtxSw
                0x0400b808                OSStartHighRdy
                0x0400b828                OSStartTsk
 .text          0x0400b84c      0x418 ../Lab0_bsp/\libucosii_bsp.a(os_cpu_c.o)
                0x0400b84c                OSTaskStkInit
                0x0400bb5c                OSTaskCreateHook
                0x0400bb7c                OSTaskDelHook
                0x0400bb9c                OSTaskSwHook
                0x0400bbb8                OSTaskStatHook
                0x0400bbd4                OSTimeTickHook
                0x0400bbf0                OSInitHookBegin
                0x0400bc0c                OSInitHookEnd
                0x0400bc28                OSTaskIdleHook
                0x0400bc44                OSTCBInitHook
 .text          0x0400bc64      0x238 ../Lab0_bsp/\libucosii_bsp.a(altera_avalon_spi.o)
                0x0400bc64                alt_avalon_spi_command
 .text          0x0400be9c        0x0 ../Lab0_bsp/\libucosii_bsp.a(alt_exception_entry.o)
 .text          0x0400be9c       0x94 ../Lab0_bsp/\libucosii_bsp.a(alt_find_dev.o)
                0x0400be9c                alt_find_dev
 .text          0x0400bf30      0x120 ../Lab0_bsp/\libucosii_bsp.a(alt_find_file.o)
                0x0400bf30                alt_find_file
 .text          0x0400c050       0xf4 ../Lab0_bsp/\libucosii_bsp.a(alt_get_fd.o)
                0x0400c050                alt_get_fd
 .text          0x0400c144       0x14 c:/altera/11.0sp1/nios2eds/bin/gnu/h-i686-mingw32/bin/../lib/gcc/nios2-elf/4.1.2/../../../../nios2-elf/lib\libc.a(lib_a-atexit.o)
                0x0400c144                atexit
 .text          0x0400c158       0x38 c:/altera/11.0sp1/nios2eds/bin/gnu/h-i686-mingw32/bin/../lib/gcc/nios2-elf/4.1.2/../../../../nios2-elf/lib\libc.a(lib_a-exit.o)
                0x0400c158                exit
 .text          0x0400c190        0x0 c:/altera/11.0sp1/nios2eds/bin/gnu/h-i686-mingw32/bin/../lib/gcc/nios2-elf/4.1.2/../../../../nios2-elf/lib\libc.a(lib_a-impure.o)
 .text          0x0400c190        0x0 c:/altera/11.0sp1/nios2eds/bin/gnu/h-i686-mingw32/bin/../lib/gcc/nios2-elf/4.1.2/../../../../nios2-elf/lib\libc.a(lib_a-int_errno.o)
 .text          0x0400c190       0x74 c:/altera/11.0sp1/nios2eds/bin/gnu/h-i686-mingw32/bin/../lib/gcc/nios2-elf/4.1.2/../../../../nios2-elf/lib\libc.a(lib_a-memcmp.o)
                0x0400c190                memcmp
 .text          0x0400c204       0xa0 c:/altera/11.0sp1/nios2eds/bin/gnu/h-i686-mingw32/bin/../lib/gcc/nios2-elf/4.1.2/../../../../nios2-elf/lib\libc.a(lib_a-memcpy.o)
                0x0400c204                memcpy
 .text          0x0400c2a4       0x98 c:/altera/11.0sp1/nios2eds/bin/gnu/h-i686-mingw32/bin/../lib/gcc/nios2-elf/4.1.2/../../../../nios2-elf/lib\libc.a(lib_a-memset.o)
                0x0400c2a4                memset
 .text          0x0400c33c       0x78 c:/altera/11.0sp1/nios2eds/bin/gnu/h-i686-mingw32/bin/../lib/gcc/nios2-elf/4.1.2/../../../../nios2-elf/lib\libc.a(lib_a-printf.o)
                0x0400c33c                printf
                0x0400c380                _printf_r
 .text          0x0400c3b4       0x74 c:/altera/11.0sp1/nios2eds/bin/gnu/h-i686-mingw32/bin/../lib/gcc/nios2-elf/4.1.2/../../../../nios2-elf/lib\libc.a(lib_a-strlen.o)
                0x0400c3b4                strlen
 .text          0x0400c428     0x1f28 c:/altera/11.0sp1/nios2eds/bin/gnu/h-i686-mingw32/bin/../lib/gcc/nios2-elf/4.1.2/../../../../nios2-elf/lib\libc.a(lib_a-vfprintf.o)
                0x0400c480                ___vfprintf_internal_r
                0x0400e32c                __vfprintf_internal
 .text          0x0400e350      0x13c c:/altera/11.0sp1/nios2eds/bin/gnu/h-i686-mingw32/bin/../lib/gcc/nios2-elf/4.1.2/../../../../nios2-elf/lib\libc.a(lib_a-wsetup.o)
                0x0400e350                __swsetup_r
 .text          0x0400e48c      0x134 c:/altera/11.0sp1/nios2eds/bin/gnu/h-i686-mingw32/bin/../lib/gcc/nios2-elf/4.1.2/../../../../nios2-elf/lib\libc.a(lib_a-__atexit.o)
                0x0400e48c                __register_exitproc
 .text          0x0400e5c0      0x1b4 c:/altera/11.0sp1/nios2eds/bin/gnu/h-i686-mingw32/bin/../lib/gcc/nios2-elf/4.1.2/../../../../nios2-elf/lib\libc.a(lib_a-__call_atexit.o)
                0x0400e5c4                __call_exitprocs
 .text          0x0400e774     0x17cc c:/altera/11.0sp1/nios2eds/bin/gnu/h-i686-mingw32/bin/../lib/gcc/nios2-elf/4.1.2/../../../../nios2-elf/lib\libc.a(lib_a-dtoa.o)
                0x0400e98c                _dtoa_r
 .text          0x0400ff40      0x230 c:/altera/11.0sp1/nios2eds/bin/gnu/h-i686-mingw32/bin/../lib/gcc/nios2-elf/4.1.2/../../../../nios2-elf/lib\libc.a(lib_a-fflush.o)
                0x0400ff40                _fflush_r
                0x0401013c                fflush
 .text          0x04010170      0x2c0 c:/altera/11.0sp1/nios2eds/bin/gnu/h-i686-mingw32/bin/../lib/gcc/nios2-elf/4.1.2/../../../../nios2-elf/lib\libc.a(lib_a-findfp.o)
                0x040101c8                __sfp_lock_acquire
                0x040101cc                __sfp_lock_release
                0x040101d0                __sinit_lock_acquire
                0x040101d4                __sinit_lock_release
                0x040101d8                __sinit
                0x0401028c                __fp_unlock_all
                0x040102a4                __fp_lock_all
                0x040102bc                _cleanup_r
                0x040102c8                _cleanup
                0x040102d8                __sfmoreglue
                0x04010340                __sfp
 .text          0x04010430      0x440 c:/altera/11.0sp1/nios2eds/bin/gnu/h-i686-mingw32/bin/../lib/gcc/nios2-elf/4.1.2/../../../../nios2-elf/lib\libc.a(lib_a-freer.o)
                0x04010430                _malloc_trim_r
                0x0401055c                _free_r
 .text          0x04010870      0x49c c:/altera/11.0sp1/nios2eds/bin/gnu/h-i686-mingw32/bin/../lib/gcc/nios2-elf/4.1.2/../../../../nios2-elf/lib\libc.a(lib_a-fvwrite.o)
                0x04010870                __sfvwrite_r
 .text          0x04010d0c      0x180 c:/altera/11.0sp1/nios2eds/bin/gnu/h-i686-mingw32/bin/../lib/gcc/nios2-elf/4.1.2/../../../../nios2-elf/lib\libc.a(lib_a-fwalk.o)
                0x04010d0c                _fwalk_reent
                0x04010dd4                _fwalk
 .text          0x04010e8c       0xc4 c:/altera/11.0sp1/nios2eds/bin/gnu/h-i686-mingw32/bin/../lib/gcc/nios2-elf/4.1.2/../../../../nios2-elf/lib\libc.a(lib_a-locale.o)
                0x04010e8c                __locale_charset
                0x04010e94                _localeconv_r
                0x04010ea0                localeconv
                0x04010eb0                _setlocale_r
                0x04010f34                setlocale
 .text          0x04010f50      0x194 c:/altera/11.0sp1/nios2eds/bin/gnu/h-i686-mingw32/bin/../lib/gcc/nios2-elf/4.1.2/../../../../nios2-elf/lib\libc.a(lib_a-makebuf.o)
                0x04010f50                __smakebuf_r
 .text          0x040110e4      0x740 c:/altera/11.0sp1/nios2eds/bin/gnu/h-i686-mingw32/bin/../lib/gcc/nios2-elf/4.1.2/../../../../nios2-elf/lib\libc.a(lib_a-mallocr.o)
                0x040110e4                _malloc_r
 .text          0x04011824       0xe4 c:/altera/11.0sp1/nios2eds/bin/gnu/h-i686-mingw32/bin/../lib/gcc/nios2-elf/4.1.2/../../../../nios2-elf/lib\libc.a(lib_a-memchr.o)
                0x04011824                memchr
 .text          0x04011908       0xe0 c:/altera/11.0sp1/nios2eds/bin/gnu/h-i686-mingw32/bin/../lib/gcc/nios2-elf/4.1.2/../../../../nios2-elf/lib\libc.a(lib_a-memmove.o)
                0x04011908                memmove
 .text          0x040119e8      0xff4 c:/altera/11.0sp1/nios2eds/bin/gnu/h-i686-mingw32/bin/../lib/gcc/nios2-elf/4.1.2/../../../../nios2-elf/lib\libc.a(lib_a-mprec.o)
                0x040119e8                _Bfree
                0x04011a10                __hi0bits
                0x04011a80                __lo0bits
                0x04011b44                __mcmp
                0x04011ba4                __ulp
                0x04011c24                __b2d
                0x04011d44                __ratio
                0x04011df4                _mprec_log10
                0x04011e88                __copybits
                0x04011ee0                __any_on
                0x04011f68                _Balloc
                0x04012024                __d2b
                0x040121a0                __mdiff
                0x0401232c                __lshift
                0x04012478                __multiply
                0x04012660                __i2b
                0x0401269c                __multadd
                0x0401279c                __pow5mult
                0x040128bc                __s2b
 .text          0x040129dc      0x5f4 c:/altera/11.0sp1/nios2eds/bin/gnu/h-i686-mingw32/bin/../lib/gcc/nios2-elf/4.1.2/../../../../nios2-elf/lib\libc.a(lib_a-reallocr.o)
                0x040129dc                _realloc_r
 .text          0x04012fd0       0x40 c:/altera/11.0sp1/nios2eds/bin/gnu/h-i686-mingw32/bin/../lib/gcc/nios2-elf/4.1.2/../../../../nios2-elf/lib\libc.a(lib_a-s_isinfd.o)
                0x04012fd0                __isinfd
 .text          0x04013010       0x30 c:/altera/11.0sp1/nios2eds/bin/gnu/h-i686-mingw32/bin/../lib/gcc/nios2-elf/4.1.2/../../../../nios2-elf/lib\libc.a(lib_a-s_isnand.o)
                0x04013010                __isnand
 .text          0x04013040       0x70 c:/altera/11.0sp1/nios2eds/bin/gnu/h-i686-mingw32/bin/../lib/gcc/nios2-elf/4.1.2/../../../../nios2-elf/lib\libc.a(lib_a-sbrkr.o)
                0x04013040                _sbrk_r
 .text          0x040130b0      0x14c c:/altera/11.0sp1/nios2eds/bin/gnu/h-i686-mingw32/bin/../lib/gcc/nios2-elf/4.1.2/../../../../nios2-elf/lib\libc.a(lib_a-stdio.o)
                0x040130b0                __sclose
                0x040130b8                __sseek
                0x04013120                __swrite
                0x0401319c                __sread
 .text          0x040131fc       0xbc c:/altera/11.0sp1/nios2eds/bin/gnu/h-i686-mingw32/bin/../lib/gcc/nios2-elf/4.1.2/../../../../nios2-elf/lib\libc.a(lib_a-strcmp.o)
                0x040131fc                strcmp
 .text          0x040132b8       0x78 c:/altera/11.0sp1/nios2eds/bin/gnu/h-i686-mingw32/bin/../lib/gcc/nios2-elf/4.1.2/../../../../nios2-elf/lib\libc.a(lib_a-writer.o)
                0x040132b8                _write_r
 .text          0x04013330       0xb4 c:/altera/11.0sp1/nios2eds/bin/gnu/h-i686-mingw32/bin/../lib/gcc/nios2-elf/4.1.2/../../../../nios2-elf/lib\libc.a(lib_a-callocr.o)
                0x04013330                _calloc_r
 .text          0x040133e4       0x70 c:/altera/11.0sp1/nios2eds/bin/gnu/h-i686-mingw32/bin/../lib/gcc/nios2-elf/4.1.2/../../../../nios2-elf/lib\libc.a(lib_a-closer.o)
                0x040133e4                _close_r
 .text          0x04013454      0x124 c:/altera/11.0sp1/nios2eds/bin/gnu/h-i686-mingw32/bin/../lib/gcc/nios2-elf/4.1.2/../../../../nios2-elf/lib\libc.a(lib_a-fclose.o)
                0x04013454                _fclose_r
                0x04013564                fclose
 .text          0x04013578       0x74 c:/altera/11.0sp1/nios2eds/bin/gnu/h-i686-mingw32/bin/../lib/gcc/nios2-elf/4.1.2/../../../../nios2-elf/lib\libc.a(lib_a-fstatr.o)
                0x04013578                _fstat_r
 .text          0x040135ec       0x70 c:/altera/11.0sp1/nios2eds/bin/gnu/h-i686-mingw32/bin/../lib/gcc/nios2-elf/4.1.2/../../../../nios2-elf/lib\libc.a(lib_a-isattyr.o)
                0x040135ec                _isatty_r
 .text          0x0401365c       0x78 c:/altera/11.0sp1/nios2eds/bin/gnu/h-i686-mingw32/bin/../lib/gcc/nios2-elf/4.1.2/../../../../nios2-elf/lib\libc.a(lib_a-lseekr.o)
                0x0401365c                _lseek_r
 .text          0x040136d4       0x78 c:/altera/11.0sp1/nios2eds/bin/gnu/h-i686-mingw32/bin/../lib/gcc/nios2-elf/4.1.2/../../../../nios2-elf/lib\libc.a(lib_a-readr.o)
                0x040136d4                _read_r
 .text          0x0401374c      0x5dc c:/altera/11.0sp1/nios2eds/bin/gnu/h-i686-mingw32/bin/../lib/gcc/nios2-elf/4.1.2\libgcc.a(_udivdi3.o)
                0x0401374c                __udivdi3
 .text          0x04013d28      0x5b0 c:/altera/11.0sp1/nios2eds/bin/gnu/h-i686-mingw32/bin/../lib/gcc/nios2-elf/4.1.2\libgcc.a(_umoddi3.o)
                0x04013d28                __umoddi3
 .text          0x040142d8      0x504 c:/altera/11.0sp1/nios2eds/bin/gnu/h-i686-mingw32/bin/../lib/gcc/nios2-elf/4.1.2\libgcc.a(_addsub_df.o)
                0x040146e8                __subdf3
                0x04014768                __adddf3
 .text          0x040147dc      0x3c4 c:/altera/11.0sp1/nios2eds/bin/gnu/h-i686-mingw32/bin/../lib/gcc/nios2-elf/4.1.2\libgcc.a(_mul_df.o)
                0x040147dc                __muldf3
 .text          0x04014ba0      0x258 c:/altera/11.0sp1/nios2eds/bin/gnu/h-i686-mingw32/bin/../lib/gcc/nios2-elf/4.1.2\libgcc.a(_div_df.o)
                0x04014ba0                __divdf3
 .text          0x04014df8       0x88 c:/altera/11.0sp1/nios2eds/bin/gnu/h-i686-mingw32/bin/../lib/gcc/nios2-elf/4.1.2\libgcc.a(_eq_df.o)
                0x04014df8                __eqdf2
 .text          0x04014e80       0x88 c:/altera/11.0sp1/nios2eds/bin/gnu/h-i686-mingw32/bin/../lib/gcc/nios2-elf/4.1.2\libgcc.a(_ne_df.o)
                0x04014e80                __nedf2
 .text          0x04014f08       0x88 c:/altera/11.0sp1/nios2eds/bin/gnu/h-i686-mingw32/bin/../lib/gcc/nios2-elf/4.1.2\libgcc.a(_gt_df.o)
                0x04014f08                __gtdf2
 .text          0x04014f90       0x88 c:/altera/11.0sp1/nios2eds/bin/gnu/h-i686-mingw32/bin/../lib/gcc/nios2-elf/4.1.2\libgcc.a(_ge_df.o)
                0x04014f90                __gedf2
 .text          0x04015018       0x88 c:/altera/11.0sp1/nios2eds/bin/gnu/h-i686-mingw32/bin/../lib/gcc/nios2-elf/4.1.2\libgcc.a(_lt_df.o)
                0x04015018                __ltdf2
 .text          0x040150a0       0xf8 c:/altera/11.0sp1/nios2eds/bin/gnu/h-i686-mingw32/bin/../lib/gcc/nios2-elf/4.1.2\libgcc.a(_si_to_df.o)
                0x040150a0                __floatsidf
 .text          0x04015198       0xd8 c:/altera/11.0sp1/nios2eds/bin/gnu/h-i686-mingw32/bin/../lib/gcc/nios2-elf/4.1.2\libgcc.a(_df_to_si.o)
                0x04015198                __fixdfsi
 .text          0x04015270        0x0 c:/altera/11.0sp1/nios2eds/bin/gnu/h-i686-mingw32/bin/../lib/gcc/nios2-elf/4.1.2\libgcc.a(_thenan_df.o)
 .text          0x04015270      0x194 c:/altera/11.0sp1/nios2eds/bin/gnu/h-i686-mingw32/bin/../lib/gcc/nios2-elf/4.1.2\libgcc.a(_usi_to_df.o)
                0x04015270                __floatunsidf
 .text          0x04015404      0x14c c:/altera/11.0sp1/nios2eds/bin/gnu/h-i686-mingw32/bin/../lib/gcc/nios2-elf/4.1.2\libgcc.a(lib2-divmod.o)
                0x04015480                __divsi3
                0x040154e0                __modsi3
                0x04015540                __udivsi3
                0x04015548                __umodsi3
 .text          0x04015550       0x98 c:/altera/11.0sp1/nios2eds/bin/gnu/h-i686-mingw32/bin/../lib/gcc/nios2-elf/4.1.2\libgcc.a(_muldi3.o)
                0x04015550                __muldi3
 .text          0x040155e8        0x0 c:/altera/11.0sp1/nios2eds/bin/gnu/h-i686-mingw32/bin/../lib/gcc/nios2-elf/4.1.2\libgcc.a(_clz.o)
 .text          0x040155e8       0x80 c:/altera/11.0sp1/nios2eds/bin/gnu/h-i686-mingw32/bin/../lib/gcc/nios2-elf/4.1.2\libgcc.a(_clzsi2.o)
                0x040155e8                __clzsi2
 .text          0x04015668      0x314 c:/altera/11.0sp1/nios2eds/bin/gnu/h-i686-mingw32/bin/../lib/gcc/nios2-elf/4.1.2\libgcc.a(_pack_df.o)
                0x04015668                __pack_d
 .text          0x0401597c      0x138 c:/altera/11.0sp1/nios2eds/bin/gnu/h-i686-mingw32/bin/../lib/gcc/nios2-elf/4.1.2\libgcc.a(_unpack_df.o)
                0x0401597c                __unpack_d
 .text          0x04015ab4       0xc8 c:/altera/11.0sp1/nios2eds/bin/gnu/h-i686-mingw32/bin/../lib/gcc/nios2-elf/4.1.2\libgcc.a(_fpcmp_parts_df.o)
                0x04015ab4                __fpcmp_parts_d
 .text          0x04015b7c       0x6c ../Lab0_bsp/\libucosii_bsp.a(alt_exit.o)
                0x04015bbc                _exit
 .text          0x04015be8      0x134 ../Lab0_bsp/\libucosii_bsp.a(alt_fstat.o)
                0x04015be8                fstat
 .text          0x04015d1c      0x120 ../Lab0_bsp/\libucosii_bsp.a(alt_isatty.o)
                0x04015d1c                isatty
 .text          0x04015e3c      0x150 ../Lab0_bsp/\libucosii_bsp.a(alt_lseek.o)
                0x04015e3c                lseek
 .text          0x04015f8c      0x180 ../Lab0_bsp/\libucosii_bsp.a(alt_read.o)
                0x04015f8c                read
 .text          0x0401610c       0xbc ../Lab0_bsp/\libucosii_bsp.a(alt_sbrk.o)
                0x0401610c                sbrk
 .text          0x040161c8      0x180 ../Lab0_bsp/\libucosii_bsp.a(alt_write.o)
                0x040161c8                write
 *(.gnu.warning.*)
 *(.fini)
                0x04016348                PROVIDE (__etext, ABSOLUTE (.))
                0x04016348                PROVIDE (_etext, ABSOLUTE (.))
                0x04016348                PROVIDE (etext, ABSOLUTE (.))
 *(.eh_frame_hdr)
                0x04016348                . = ALIGN (0x4)
                0x04016348                PROVIDE (__preinit_array_start, ABSOLUTE (.))
 *(.preinit_array)
                0x04016348                PROVIDE (__preinit_array_end, ABSOLUTE (.))
                0x04016348                PROVIDE (__init_array_start, ABSOLUTE (.))
 *(.init_array)
                0x04016348                PROVIDE (__init_array_end, ABSOLUTE (.))
                0x04016348                PROVIDE (__fini_array_start, ABSOLUTE (.))
 *(.fini_array)
                0x04016348                PROVIDE (__fini_array_end, ABSOLUTE (.))
 *(.eh_frame)
 .eh_frame      0x04016348       0x40 c:/altera/11.0sp1/nios2eds/bin/gnu/h-i686-mingw32/bin/../lib/gcc/nios2-elf/4.1.2\libgcc.a(_udivdi3.o)
 .eh_frame      0x04016388       0x2c c:/altera/11.0sp1/nios2eds/bin/gnu/h-i686-mingw32/bin/../lib/gcc/nios2-elf/4.1.2\libgcc.a(_umoddi3.o)
                                 0x40 (size before relaxing)
 *(.gcc_except_table)
 *(.dynamic)
                0x040163b4                PROVIDE (__CTOR_LIST__, ABSOLUTE (.))
 *(.ctors)
 *(SORT(.ctors.*))
 .ctors.65535   0x040163b4        0x4 c:/altera/11.0sp1/nios2eds/bin/gnu/h-i686-mingw32/bin/../lib/gcc/nios2-elf/4.1.2/../../../../nios2-elf/lib\libc.a(lib_a-__call_atexit.o)
                0x040163b8                PROVIDE (__CTOR_END__, ABSOLUTE (.))
                0x040163b8                PROVIDE (__DTOR_LIST__, ABSOLUTE (.))
 *(.dtors)
 *(SORT(.dtors.*))
                0x040163b8                PROVIDE (__DTOR_END__, ABSOLUTE (.))
 *(.jcr)
                0x040163b8                . = ALIGN (0x4)

.rodata         0x040163b8      0x488
                0x040163b8                PROVIDE (__ram_rodata_start, ABSOLUTE (.))
                0x040163b8                . = ALIGN (0x4)
 *(.rodata .rodata.* .gnu.linkonce.r.*)
 .rodata        0x040163b8       0x10 ../Lab0_bsp/\libucosii_bsp.a(alt_main.o)
 .rodata        0x040163c8      0x140 ../Lab0_bsp/\libucosii_bsp.a(os_core.o)
                0x040163c8                OSUnMapTbl
 .rodata        0x04016508       0x1c ../Lab0_bsp/\libucosii_bsp.a(alt_sys_init.o)
 .rodata        0x04016524        0xc ../Lab0_bsp/\libucosii_bsp.a(alt_dev.o)
 .rodata        0x04016530        0x4 ../Lab0_bsp/\libucosii_bsp.a(os_cpu_c.o)
 .rodata.str1.4
                0x04016534        0x2 c:/altera/11.0sp1/nios2eds/bin/gnu/h-i686-mingw32/bin/../lib/gcc/nios2-elf/4.1.2/../../../../nios2-elf/lib\libc.a(lib_a-impure.o)
                                  0x4 (size before relaxing)
 *fill*         0x04016536        0x2 00
 .rodata.str1.4
                0x04016538       0x5e c:/altera/11.0sp1/nios2eds/bin/gnu/h-i686-mingw32/bin/../lib/gcc/nios2-elf/4.1.2/../../../../nios2-elf/lib\libc.a(lib_a-vfprintf.o)
                                 0x60 (size before relaxing)
 .rodata        0x04016596       0x20 c:/altera/11.0sp1/nios2eds/bin/gnu/h-i686-mingw32/bin/../lib/gcc/nios2-elf/4.1.2/../../../../nios2-elf/lib\libc.a(lib_a-vfprintf.o)
 *fill*         0x040165b6        0x2 00
 .rodata.str1.4
                0x040165b8       0x10 c:/altera/11.0sp1/nios2eds/bin/gnu/h-i686-mingw32/bin/../lib/gcc/nios2-elf/4.1.2/../../../../nios2-elf/lib\libc.a(lib_a-dtoa.o)
                                 0x14 (size before relaxing)
 .rodata.str1.4
                0x040165c8       0x10 c:/altera/11.0sp1/nios2eds/bin/gnu/h-i686-mingw32/bin/../lib/gcc/nios2-elf/4.1.2/../../../../nios2-elf/lib\libc.a(lib_a-locale.o)
                                 0x18 (size before relaxing)
 .rodata        0x040165d8       0x30 c:/altera/11.0sp1/nios2eds/bin/gnu/h-i686-mingw32/bin/../lib/gcc/nios2-elf/4.1.2/../../../../nios2-elf/lib\libc.a(lib_a-locale.o)
 .rodata        0x04016608      0x124 c:/altera/11.0sp1/nios2eds/bin/gnu/h-i686-mingw32/bin/../lib/gcc/nios2-elf/4.1.2/../../../../nios2-elf/lib\libc.a(lib_a-mprec.o)
                0x04016608                __mprec_tens
                0x040166d0                __mprec_bigtens
                0x040166f8                __mprec_tinytens
 .rodata        0x0401672c       0x14 c:/altera/11.0sp1/nios2eds/bin/gnu/h-i686-mingw32/bin/../lib/gcc/nios2-elf/4.1.2\libgcc.a(_thenan_df.o)
                0x0401672c                __thenan_df
 .rodata        0x04016740      0x100 c:/altera/11.0sp1/nios2eds/bin/gnu/h-i686-mingw32/bin/../lib/gcc/nios2-elf/4.1.2\libgcc.a(_clz.o)
                0x04016740                __clz_tab
 *(.rodata1)
                0x04016840                . = ALIGN (0x4)
                0x04016840                PROVIDE (__ram_rodata_end, ABSOLUTE (.))
                0x040163b8                PROVIDE (__flash_rodata_start, LOADADDR (.rodata))

.rwdata         0x04016840     0x1bb0
                0x04016840                PROVIDE (__ram_rwdata_start, ABSOLUTE (.))
                0x04016840                . = ALIGN (0x4)
 *(.got.plt)
 *(.got)
 *(.data1)
 *(.data .data.* .gnu.linkonce.d.*)
 .data          0x04016840        0x0 ../Lab0_bsp//obj/HAL/src/crt0.o
 .data          0x04016840        0x0 obj/hello_ucosii.o
 .data          0x04016840        0x0 ../Lab0_bsp/\libucosii_bsp.a(alt_main.o)
 .data          0x04016840        0x0 ../Lab0_bsp/\libucosii_bsp.a(alt_env_lock.o)
 .data          0x04016840        0x0 ../Lab0_bsp/\libucosii_bsp.a(alt_malloc_lock.o)
 .data          0x04016840        0x0 ../Lab0_bsp/\libucosii_bsp.a(os_core.o)
 .data          0x04016840        0x0 ../Lab0_bsp/\libucosii_bsp.a(os_dbg.o)
 .data          0x04016840        0x0 ../Lab0_bsp/\libucosii_bsp.a(os_flag.o)
 .data          0x04016840        0x0 ../Lab0_bsp/\libucosii_bsp.a(os_mem.o)
 .data          0x04016840        0x0 ../Lab0_bsp/\libucosii_bsp.a(os_q.o)
 .data          0x04016840        0x0 ../Lab0_bsp/\libucosii_bsp.a(os_sem.o)
 .data          0x04016840        0x0 ../Lab0_bsp/\libucosii_bsp.a(os_task.o)
 .data          0x04016840        0x0 ../Lab0_bsp/\libucosii_bsp.a(os_time.o)
 .data          0x04016840     0x1130 ../Lab0_bsp/\libucosii_bsp.a(alt_sys_init.o)
 .data          0x04017970        0x0 ../Lab0_bsp/\libucosii_bsp.a(altera_avalon_epcs_flash_controller.o)
 .data          0x04017970        0x0 ../Lab0_bsp/\libucosii_bsp.a(altera_avalon_jtag_uart_fd.o)
 .data          0x04017970        0x0 ../Lab0_bsp/\libucosii_bsp.a(altera_avalon_jtag_uart_init.o)
 .data          0x04017970        0x0 ../Lab0_bsp/\libucosii_bsp.a(altera_avalon_jtag_uart_ioctl.o)
 .data          0x04017970        0x0 ../Lab0_bsp/\libucosii_bsp.a(altera_avalon_jtag_uart_read.o)
 .data          0x04017970        0x0 ../Lab0_bsp/\libucosii_bsp.a(altera_avalon_jtag_uart_write.o)
 .data          0x04017970        0x0 ../Lab0_bsp/\libucosii_bsp.a(altera_avalon_timer_sc.o)
 .data          0x04017970        0x0 ../Lab0_bsp/\libucosii_bsp.a(epcs_commands.o)
 .data          0x04017970        0x0 ../Lab0_bsp/\libucosii_bsp.a(alt_alarm_start.o)
 .data          0x04017970        0x0 ../Lab0_bsp/\libucosii_bsp.a(alt_close.o)
 .data          0x04017970      0x1a8 ../Lab0_bsp/\libucosii_bsp.a(alt_dev.o)
                0x04017970                alt_dev_null
                0x04017998                alt_fd_list
 .data          0x04017b18        0x0 ../Lab0_bsp/\libucosii_bsp.a(alt_dev_llist_insert.o)
 .data          0x04017b18        0x0 ../Lab0_bsp/\libucosii_bsp.a(alt_do_ctors.o)
 .data          0x04017b18        0x0 ../Lab0_bsp/\libucosii_bsp.a(alt_do_dtors.o)
 .data          0x04017b18        0x0 ../Lab0_bsp/\libucosii_bsp.a(alt_errno.o)
 .data          0x04017b18        0x0 ../Lab0_bsp/\libucosii_bsp.a(alt_flash_dev.o)
 .data          0x04017b18        0x0 ../Lab0_bsp/\libucosii_bsp.a(alt_iic.o)
 .data          0x04017b18        0x0 ../Lab0_bsp/\libucosii_bsp.a(alt_iic_isr_register.o)
 .data          0x04017b18        0x0 ../Lab0_bsp/\libucosii_bsp.a(alt_io_redirect.o)
 .data          0x04017b18        0x0 ../Lab0_bsp/\libucosii_bsp.a(alt_irq_entry.o)
 .data          0x04017b18        0x0 ../Lab0_bsp/\libucosii_bsp.a(alt_irq_handler.o)
 .data          0x04017b18        0x0 ../Lab0_bsp/\libucosii_bsp.a(alt_irq_vars.o)
 .data          0x04017b18        0x0 ../Lab0_bsp/\libucosii_bsp.a(alt_open.o)
 .data          0x04017b18        0x0 ../Lab0_bsp/\libucosii_bsp.a(alt_release_fd.o)
 .data          0x04017b18        0x0 ../Lab0_bsp/\libucosii_bsp.a(alt_tick.o)
 .data          0x04017b18        0x0 ../Lab0_bsp/\libucosii_bsp.a(altera_nios2_irq.o)
 .data          0x04017b18        0x0 ../Lab0_bsp/\libucosii_bsp.a(os_cpu_a.o)
 .data          0x04017b18        0x0 ../Lab0_bsp/\libucosii_bsp.a(os_cpu_c.o)
 .data          0x04017b18        0x0 ../Lab0_bsp/\libucosii_bsp.a(altera_avalon_spi.o)
 .data          0x04017b18        0x0 ../Lab0_bsp/\libucosii_bsp.a(alt_exception_entry.o)
 .data          0x04017b18        0x0 ../Lab0_bsp/\libucosii_bsp.a(alt_find_dev.o)
 .data          0x04017b18        0x0 ../Lab0_bsp/\libucosii_bsp.a(alt_find_file.o)
 .data          0x04017b18        0x0 ../Lab0_bsp/\libucosii_bsp.a(alt_get_fd.o)
 .data          0x04017b18        0x0 c:/altera/11.0sp1/nios2eds/bin/gnu/h-i686-mingw32/bin/../lib/gcc/nios2-elf/4.1.2/../../../../nios2-elf/lib\libc.a(lib_a-atexit.o)
 .data          0x04017b18        0x0 c:/altera/11.0sp1/nios2eds/bin/gnu/h-i686-mingw32/bin/../lib/gcc/nios2-elf/4.1.2/../../../../nios2-elf/lib\libc.a(lib_a-exit.o)
 .data          0x04017b18      0x400 c:/altera/11.0sp1/nios2eds/bin/gnu/h-i686-mingw32/bin/../lib/gcc/nios2-elf/4.1.2/../../../../nios2-elf/lib\libc.a(lib_a-impure.o)
 .data          0x04017f18        0x0 c:/altera/11.0sp1/nios2eds/bin/gnu/h-i686-mingw32/bin/../lib/gcc/nios2-elf/4.1.2/../../../../nios2-elf/lib\libc.a(lib_a-int_errno.o)
 .data          0x04017f18        0x0 c:/altera/11.0sp1/nios2eds/bin/gnu/h-i686-mingw32/bin/../lib/gcc/nios2-elf/4.1.2/../../../../nios2-elf/lib\libc.a(lib_a-memcmp.o)
 .data          0x04017f18        0x0 c:/altera/11.0sp1/nios2eds/bin/gnu/h-i686-mingw32/bin/../lib/gcc/nios2-elf/4.1.2/../../../../nios2-elf/lib\libc.a(lib_a-memcpy.o)
 .data          0x04017f18        0x0 c:/altera/11.0sp1/nios2eds/bin/gnu/h-i686-mingw32/bin/../lib/gcc/nios2-elf/4.1.2/../../../../nios2-elf/lib\libc.a(lib_a-memset.o)
 .data          0x04017f18        0x0 c:/altera/11.0sp1/nios2eds/bin/gnu/h-i686-mingw32/bin/../lib/gcc/nios2-elf/4.1.2/../../../../nios2-elf/lib\libc.a(lib_a-printf.o)
 .data          0x04017f18        0x0 c:/altera/11.0sp1/nios2eds/bin/gnu/h-i686-mingw32/bin/../lib/gcc/nios2-elf/4.1.2/../../../../nios2-elf/lib\libc.a(lib_a-strlen.o)
 .data          0x04017f18        0x0 c:/altera/11.0sp1/nios2eds/bin/gnu/h-i686-mingw32/bin/../lib/gcc/nios2-elf/4.1.2/../../../../nios2-elf/lib\libc.a(lib_a-vfprintf.o)
 .data          0x04017f18        0x0 c:/altera/11.0sp1/nios2eds/bin/gnu/h-i686-mingw32/bin/../lib/gcc/nios2-elf/4.1.2/../../../../nios2-elf/lib\libc.a(lib_a-wsetup.o)
 .data          0x04017f18        0x0 c:/altera/11.0sp1/nios2eds/bin/gnu/h-i686-mingw32/bin/../lib/gcc/nios2-elf/4.1.2/../../../../nios2-elf/lib\libc.a(lib_a-__atexit.o)
 .data          0x04017f18        0x0 c:/altera/11.0sp1/nios2eds/bin/gnu/h-i686-mingw32/bin/../lib/gcc/nios2-elf/4.1.2/../../../../nios2-elf/lib\libc.a(lib_a-__call_atexit.o)
 .data          0x04017f18        0x0 c:/altera/11.0sp1/nios2eds/bin/gnu/h-i686-mingw32/bin/../lib/gcc/nios2-elf/4.1.2/../../../../nios2-elf/lib\libc.a(lib_a-dtoa.o)
 .data          0x04017f18        0x0 c:/altera/11.0sp1/nios2eds/bin/gnu/h-i686-mingw32/bin/../lib/gcc/nios2-elf/4.1.2/../../../../nios2-elf/lib\libc.a(lib_a-fflush.o)
 .data          0x04017f18        0x0 c:/altera/11.0sp1/nios2eds/bin/gnu/h-i686-mingw32/bin/../lib/gcc/nios2-elf/4.1.2/../../../../nios2-elf/lib\libc.a(lib_a-findfp.o)
 .data          0x04017f18        0x0 c:/altera/11.0sp1/nios2eds/bin/gnu/h-i686-mingw32/bin/../lib/gcc/nios2-elf/4.1.2/../../../../nios2-elf/lib\libc.a(lib_a-freer.o)
 .data          0x04017f18        0x0 c:/altera/11.0sp1/nios2eds/bin/gnu/h-i686-mingw32/bin/../lib/gcc/nios2-elf/4.1.2/../../../../nios2-elf/lib\libc.a(lib_a-fvwrite.o)
 .data          0x04017f18        0x0 c:/altera/11.0sp1/nios2eds/bin/gnu/h-i686-mingw32/bin/../lib/gcc/nios2-elf/4.1.2/../../../../nios2-elf/lib\libc.a(lib_a-fwalk.o)
 .data          0x04017f18        0xc c:/altera/11.0sp1/nios2eds/bin/gnu/h-i686-mingw32/bin/../lib/gcc/nios2-elf/4.1.2/../../../../nios2-elf/lib\libc.a(lib_a-locale.o)
                0x04017f18                __lc_ctype
 .data          0x04017f24        0x0 c:/altera/11.0sp1/nios2eds/bin/gnu/h-i686-mingw32/bin/../lib/gcc/nios2-elf/4.1.2/../../../../nios2-elf/lib\libc.a(lib_a-makebuf.o)
 .data          0x04017f24      0x408 c:/altera/11.0sp1/nios2eds/bin/gnu/h-i686-mingw32/bin/../lib/gcc/nios2-elf/4.1.2/../../../../nios2-elf/lib\libc.a(lib_a-mallocr.o)
                0x04017f24                __malloc_av_
 .data          0x0401832c        0x0 c:/altera/11.0sp1/nios2eds/bin/gnu/h-i686-mingw32/bin/../lib/gcc/nios2-elf/4.1.2/../../../../nios2-elf/lib\libc.a(lib_a-memchr.o)
 .data          0x0401832c        0x0 c:/altera/11.0sp1/nios2eds/bin/gnu/h-i686-mingw32/bin/../lib/gcc/nios2-elf/4.1.2/../../../../nios2-elf/lib\libc.a(lib_a-memmove.o)
 .data          0x0401832c        0x0 c:/altera/11.0sp1/nios2eds/bin/gnu/h-i686-mingw32/bin/../lib/gcc/nios2-elf/4.1.2/../../../../nios2-elf/lib\libc.a(lib_a-mprec.o)
 .data          0x0401832c        0x0 c:/altera/11.0sp1/nios2eds/bin/gnu/h-i686-mingw32/bin/../lib/gcc/nios2-elf/4.1.2/../../../../nios2-elf/lib\libc.a(lib_a-reallocr.o)
 .data          0x0401832c        0x0 c:/altera/11.0sp1/nios2eds/bin/gnu/h-i686-mingw32/bin/../lib/gcc/nios2-elf/4.1.2/../../../../nios2-elf/lib\libc.a(lib_a-s_isinfd.o)
 .data          0x0401832c        0x0 c:/altera/11.0sp1/nios2eds/bin/gnu/h-i686-mingw32/bin/../lib/gcc/nios2-elf/4.1.2/../../../../nios2-elf/lib\libc.a(lib_a-s_isnand.o)
 .data          0x0401832c        0x0 c:/altera/11.0sp1/nios2eds/bin/gnu/h-i686-mingw32/bin/../lib/gcc/nios2-elf/4.1.2/../../../../nios2-elf/lib\libc.a(lib_a-sbrkr.o)
 .data          0x0401832c        0x0 c:/altera/11.0sp1/nios2eds/bin/gnu/h-i686-mingw32/bin/../lib/gcc/nios2-elf/4.1.2/../../../../nios2-elf/lib\libc.a(lib_a-stdio.o)
 .data          0x0401832c        0x0 c:/altera/11.0sp1/nios2eds/bin/gnu/h-i686-mingw32/bin/../lib/gcc/nios2-elf/4.1.2/../../../../nios2-elf/lib\libc.a(lib_a-strcmp.o)
 .data          0x0401832c        0x0 c:/altera/11.0sp1/nios2eds/bin/gnu/h-i686-mingw32/bin/../lib/gcc/nios2-elf/4.1.2/../../../../nios2-elf/lib\libc.a(lib_a-writer.o)
 .data          0x0401832c        0x0 c:/altera/11.0sp1/nios2eds/bin/gnu/h-i686-mingw32/bin/../lib/gcc/nios2-elf/4.1.2/../../../../nios2-elf/lib\libc.a(lib_a-callocr.o)
 .data          0x0401832c        0x0 c:/altera/11.0sp1/nios2eds/bin/gnu/h-i686-mingw32/bin/../lib/gcc/nios2-elf/4.1.2/../../../../nios2-elf/lib\libc.a(lib_a-closer.o)
 .data          0x0401832c        0x0 c:/altera/11.0sp1/nios2eds/bin/gnu/h-i686-mingw32/bin/../lib/gcc/nios2-elf/4.1.2/../../../../nios2-elf/lib\libc.a(lib_a-fclose.o)
 .data          0x0401832c        0x0 c:/altera/11.0sp1/nios2eds/bin/gnu/h-i686-mingw32/bin/../lib/gcc/nios2-elf/4.1.2/../../../../nios2-elf/lib\libc.a(lib_a-fstatr.o)
 .data          0x0401832c        0x0 c:/altera/11.0sp1/nios2eds/bin/gnu/h-i686-mingw32/bin/../lib/gcc/nios2-elf/4.1.2/../../../../nios2-elf/lib\libc.a(lib_a-isattyr.o)
 .data          0x0401832c        0x0 c:/altera/11.0sp1/nios2eds/bin/gnu/h-i686-mingw32/bin/../lib/gcc/nios2-elf/4.1.2/../../../../nios2-elf/lib\libc.a(lib_a-lseekr.o)
 .data          0x0401832c        0x0 c:/altera/11.0sp1/nios2eds/bin/gnu/h-i686-mingw32/bin/../lib/gcc/nios2-elf/4.1.2/../../../../nios2-elf/lib\libc.a(lib_a-readr.o)
 .data          0x0401832c        0x0 c:/altera/11.0sp1/nios2eds/bin/gnu/h-i686-mingw32/bin/../lib/gcc/nios2-elf/4.1.2\libgcc.a(_udivdi3.o)
 .data          0x0401832c        0x0 c:/altera/11.0sp1/nios2eds/bin/gnu/h-i686-mingw32/bin/../lib/gcc/nios2-elf/4.1.2\libgcc.a(_umoddi3.o)
 .data          0x0401832c        0x0 c:/altera/11.0sp1/nios2eds/bin/gnu/h-i686-mingw32/bin/../lib/gcc/nios2-elf/4.1.2\libgcc.a(_addsub_df.o)
 .data          0x0401832c        0x0 c:/altera/11.0sp1/nios2eds/bin/gnu/h-i686-mingw32/bin/../lib/gcc/nios2-elf/4.1.2\libgcc.a(_mul_df.o)
 .data          0x0401832c        0x0 c:/altera/11.0sp1/nios2eds/bin/gnu/h-i686-mingw32/bin/../lib/gcc/nios2-elf/4.1.2\libgcc.a(_div_df.o)
 .data          0x0401832c        0x0 c:/altera/11.0sp1/nios2eds/bin/gnu/h-i686-mingw32/bin/../lib/gcc/nios2-elf/4.1.2\libgcc.a(_eq_df.o)
 .data          0x0401832c        0x0 c:/altera/11.0sp1/nios2eds/bin/gnu/h-i686-mingw32/bin/../lib/gcc/nios2-elf/4.1.2\libgcc.a(_ne_df.o)
 .data          0x0401832c        0x0 c:/altera/11.0sp1/nios2eds/bin/gnu/h-i686-mingw32/bin/../lib/gcc/nios2-elf/4.1.2\libgcc.a(_gt_df.o)
 .data          0x0401832c        0x0 c:/altera/11.0sp1/nios2eds/bin/gnu/h-i686-mingw32/bin/../lib/gcc/nios2-elf/4.1.2\libgcc.a(_ge_df.o)
 .data          0x0401832c        0x0 c:/altera/11.0sp1/nios2eds/bin/gnu/h-i686-mingw32/bin/../lib/gcc/nios2-elf/4.1.2\libgcc.a(_lt_df.o)
 .data          0x0401832c        0x0 c:/altera/11.0sp1/nios2eds/bin/gnu/h-i686-mingw32/bin/../lib/gcc/nios2-elf/4.1.2\libgcc.a(_si_to_df.o)
 .data          0x0401832c        0x0 c:/altera/11.0sp1/nios2eds/bin/gnu/h-i686-mingw32/bin/../lib/gcc/nios2-elf/4.1.2\libgcc.a(_df_to_si.o)
 .data          0x0401832c        0x0 c:/altera/11.0sp1/nios2eds/bin/gnu/h-i686-mingw32/bin/../lib/gcc/nios2-elf/4.1.2\libgcc.a(_thenan_df.o)
 .data          0x0401832c        0x0 c:/altera/11.0sp1/nios2eds/bin/gnu/h-i686-mingw32/bin/../lib/gcc/nios2-elf/4.1.2\libgcc.a(_usi_to_df.o)
 .data          0x0401832c        0x0 c:/altera/11.0sp1/nios2eds/bin/gnu/h-i686-mingw32/bin/../lib/gcc/nios2-elf/4.1.2\libgcc.a(lib2-divmod.o)
 .data          0x0401832c        0x0 c:/altera/11.0sp1/nios2eds/bin/gnu/h-i686-mingw32/bin/../lib/gcc/nios2-elf/4.1.2\libgcc.a(_muldi3.o)
 .data          0x0401832c        0x0 c:/altera/11.0sp1/nios2eds/bin/gnu/h-i686-mingw32/bin/../lib/gcc/nios2-elf/4.1.2\libgcc.a(_clz.o)
 .data          0x0401832c        0x0 c:/altera/11.0sp1/nios2eds/bin/gnu/h-i686-mingw32/bin/../lib/gcc/nios2-elf/4.1.2\libgcc.a(_clzsi2.o)
 .data          0x0401832c        0x0 c:/altera/11.0sp1/nios2eds/bin/gnu/h-i686-mingw32/bin/../lib/gcc/nios2-elf/4.1.2\libgcc.a(_pack_df.o)
 .data          0x0401832c        0x0 c:/altera/11.0sp1/nios2eds/bin/gnu/h-i686-mingw32/bin/../lib/gcc/nios2-elf/4.1.2\libgcc.a(_unpack_df.o)
 .data          0x0401832c        0x0 c:/altera/11.0sp1/nios2eds/bin/gnu/h-i686-mingw32/bin/../lib/gcc/nios2-elf/4.1.2\libgcc.a(_fpcmp_parts_df.o)
 .data          0x0401832c        0x0 ../Lab0_bsp/\libucosii_bsp.a(alt_exit.o)
 .data          0x0401832c        0x0 ../Lab0_bsp/\libucosii_bsp.a(alt_fstat.o)
 .data          0x0401832c        0x0 ../Lab0_bsp/\libucosii_bsp.a(alt_isatty.o)
 .data          0x0401832c        0x0 ../Lab0_bsp/\libucosii_bsp.a(alt_lseek.o)
 .data          0x0401832c        0x0 ../Lab0_bsp/\libucosii_bsp.a(alt_read.o)
 .data          0x0401832c        0x0 ../Lab0_bsp/\libucosii_bsp.a(alt_sbrk.o)
 .data          0x0401832c        0x0 ../Lab0_bsp/\libucosii_bsp.a(alt_write.o)
                0x0402032c                _gp = ABSOLUTE ((. + 0x8000))
                0x0402032c                PROVIDE (gp, _gp)
 *(.rwdata .rwdata.*)
 *(.sdata .sdata.* .gnu.linkonce.s.*)
 .sdata         0x0401832c        0x4 ../Lab0_bsp/\libucosii_bsp.a(alt_env_lock.o)
 .sdata         0x04018330        0x4 ../Lab0_bsp/\libucosii_bsp.a(alt_malloc_lock.o)
 .sdata         0x04018334       0x74 ../Lab0_bsp/\libucosii_bsp.a(os_dbg.o)
                0x04018334                OSDebugEn
                0x04018338                OSEndiannessTest
                0x0401833c                OSEventEn
                0x0401833e                OSEventMax
                0x04018340                OSEventNameSize
                0x04018342                OSEventSize
                0x04018344                OSEventTblSize
                0x04018346                OSEventMultiEn
                0x04018348                OSFlagEn
                0x0401834a                OSFlagGrpSize
                0x0401834c                OSFlagNodeSize
                0x0401834e                OSFlagWidth
                0x04018350                OSFlagMax
                0x04018352                OSFlagNameSize
                0x04018354                OSLowestPrio
                0x04018356                OSMboxEn
                0x04018358                OSMemEn
                0x0401835a                OSMemMax
                0x0401835c                OSMemNameSize
                0x0401835e                OSMemSize
                0x04018360                OSMemTblSize
                0x04018362                OSMutexEn
                0x04018364                OSPtrSize
                0x04018366                OSQEn
                0x04018368                OSQMax
                0x0401836a                OSQSize
                0x0401836c                OSRdyTblSize
                0x0401836e                OSSemEn
                0x04018370                OSStkWidth
                0x04018372                OSTaskCreateEn
                0x04018374                OSTaskCreateExtEn
                0x04018376                OSTaskDelEn
                0x04018378                OSTaskIdleStkSize
                0x0401837a                OSTaskProfileEn
                0x0401837c                OSTaskMax
                0x0401837e                OSTaskNameSize
                0x04018380                OSTaskStatEn
                0x04018382                OSTaskStatStkSize
                0x04018384                OSTaskStatStkChkEn
                0x04018386                OSTaskSwHookEn
                0x04018388                OSTCBPrioTblMax
                0x0401838a                OSTCBSize
                0x0401838c                OSTicksPerSec
                0x0401838e                OSTimeTickHookEn
                0x04018390                OSVersionNbr
                0x04018392                OSTmrEn
                0x04018394                OSTmrCfgMax
                0x04018396                OSTmrCfgNameSize
                0x04018398                OSTmrCfgWheelSize
                0x0401839a                OSTmrCfgTicksPerSec
                0x0401839c                OSTmrSize
                0x0401839e                OSTmrTblSize
                0x040183a0                OSTmrWheelSize
                0x040183a2                OSTmrWheelTblSize
                0x040183a4                OSDataSize
 .sdata         0x040183a8       0x14 ../Lab0_bsp/\libucosii_bsp.a(alt_dev.o)
                0x040183a8                alt_fs_list
                0x040183b0                alt_dev_list
                0x040183b8                alt_max_fd
 .sdata         0x040183bc        0x4 ../Lab0_bsp/\libucosii_bsp.a(alt_errno.o)
                0x040183bc                alt_errno
 .sdata         0x040183c0        0x8 ../Lab0_bsp/\libucosii_bsp.a(alt_flash_dev.o)
                0x040183c0                alt_flash_dev_list
 .sdata         0x040183c8        0x4 ../Lab0_bsp/\libucosii_bsp.a(alt_irq_vars.o)
                0x040183c8                alt_priority_mask
 .sdata         0x040183cc        0x8 ../Lab0_bsp/\libucosii_bsp.a(alt_tick.o)
                0x040183cc                alt_alarm_list
 .sdata         0x040183d4        0x8 c:/altera/11.0sp1/nios2eds/bin/gnu/h-i686-mingw32/bin/../lib/gcc/nios2-elf/4.1.2/../../../../nios2-elf/lib\libc.a(lib_a-impure.o)
                0x040183d4                _impure_ptr
                0x040183d8                _global_impure_ptr
 .sdata         0x040183dc        0x8 c:/altera/11.0sp1/nios2eds/bin/gnu/h-i686-mingw32/bin/../lib/gcc/nios2-elf/4.1.2/../../../../nios2-elf/lib\libc.a(lib_a-locale.o)
                0x040183dc                __mb_cur_max
 .sdata         0x040183e4        0x8 c:/altera/11.0sp1/nios2eds/bin/gnu/h-i686-mingw32/bin/../lib/gcc/nios2-elf/4.1.2/../../../../nios2-elf/lib\libc.a(lib_a-mallocr.o)
                0x040183e4                __malloc_trim_threshold
                0x040183e8                __malloc_sbrk_base
 .sdata         0x040183ec        0x4 ../Lab0_bsp/\libucosii_bsp.a(alt_sbrk.o)
 *(.sdata2 .sdata2.* .gnu.linkonce.s2.*)
                0x040183f0                . = ALIGN (0x4)
                0x040183f0                _edata = ABSOLUTE (.)
                0x040183f0                PROVIDE (edata, ABSOLUTE (.))
                0x040183f0                PROVIDE (__ram_rwdata_end, ABSOLUTE (.))
                0x04016840                PROVIDE (__flash_rwdata_start, LOADADDR (.rwdata))

.bss            0x040183f0     0x95d4
                0x040183f0                __bss_start = ABSOLUTE (.)
                0x040183f0                PROVIDE (__sbss_start, ABSOLUTE (.))
                0x040183f0                PROVIDE (___sbss_start, ABSOLUTE (.))
 *(.dynsbss)
 *(.sbss .sbss.* .gnu.linkonce.sb.*)
 .sbss          0x040183f0        0xc ../Lab0_bsp/\libucosii_bsp.a(alt_main.o)
                0x040183f0                alt_argc
                0x040183f4                alt_argv
                0x040183f8                alt_envp
 .sbss          0x040183fc        0x4 ../Lab0_bsp/\libucosii_bsp.a(alt_env_lock.o)
 .sbss          0x04018400        0x4 ../Lab0_bsp/\libucosii_bsp.a(alt_env_lock.o)
                0x04018400                alt_envsem
 .sbss          0x04018404        0x8 ../Lab0_bsp/\libucosii_bsp.a(alt_malloc_lock.o)
                0x04018408                alt_heapsem
 .sbss          0x0401840c       0x50 ../Lab0_bsp/\libucosii_bsp.a(os_core.o)
                0x0401840c                OSLockNesting
                0x0401840d                OSRunning
                0x04018410                OSIdleCtr
                0x04018414                OSPrioHighRdy
                0x04018415                OSPrioCur
                0x04018418                OSTCBList
                0x0401841c                OSTickStepState
                0x04018420                OSCtxSwCtr
                0x04018424                OSIdleCtrMax
                0x04018428                OSTCBFreeList
                0x0401842c                OSCPUUsage
                0x0401842d                OSTaskCtr
                0x04018430                OSMemFreeList
                0x04018434                OSTCBHighRdy
                0x04018438                OSQFreeList
                0x0401843c                OSRdyGrp
                0x0401843d                OSRdyTbl
                0x04018440                OSEventFreeList
                0x04018444                OSIntNesting
                0x04018448                OSTCBCur
                0x0401844c                OSTime
                0x04018450                OSFlagFreeList
                0x04018454                OSStatRdy
                0x04018458                OSIdleCtrRun
 .sbss          0x0401845c        0x4 ../Lab0_bsp/\libucosii_bsp.a(alt_dev.o)
                0x0401845c                alt_fd_list_lock
 .sbss          0x04018460        0x4 ../Lab0_bsp/\libucosii_bsp.a(alt_irq_vars.o)
                0x04018460                alt_irq_active
 .sbss          0x04018464        0x8 ../Lab0_bsp/\libucosii_bsp.a(alt_tick.o)
                0x04018464                _alt_tick_rate
                0x04018468                _alt_nticks
 .sbss          0x0401846c        0x4 c:/altera/11.0sp1/nios2eds/bin/gnu/h-i686-mingw32/bin/../lib/gcc/nios2-elf/4.1.2/../../../../nios2-elf/lib\libc.a(lib_a-int_errno.o)
                0x0401846c                errno
 .sbss          0x04018470        0xc c:/altera/11.0sp1/nios2eds/bin/gnu/h-i686-mingw32/bin/../lib/gcc/nios2-elf/4.1.2/../../../../nios2-elf/lib\libc.a(lib_a-locale.o)
                0x04018470                __nlocale_changed
                0x04018474                __mlocale_changed
                0x04018478                _PathLocale
 .sbss          0x0401847c        0xc c:/altera/11.0sp1/nios2eds/bin/gnu/h-i686-mingw32/bin/../lib/gcc/nios2-elf/4.1.2/../../../../nios2-elf/lib\libc.a(lib_a-mallocr.o)
                0x0401847c                __malloc_top_pad
                0x04018480                __malloc_max_sbrked_mem
                0x04018484                __malloc_max_total_mem
 *(.sbss2 .sbss2.* .gnu.linkonce.sb2.*)
 *(.scommon)
                0x04018488                PROVIDE (__sbss_end, ABSOLUTE (.))
                0x04018488                PROVIDE (___sbss_end, ABSOLUTE (.))
 *(.dynbss)
 *(.bss .bss.* .gnu.linkonce.b.*)
 .bss           0x04018488        0x0 ../Lab0_bsp//obj/HAL/src/crt0.o
 .bss           0x04018488        0x0 obj/hello_ucosii.o
 .bss           0x04018488        0x0 ../Lab0_bsp/\libucosii_bsp.a(alt_main.o)
 .bss           0x04018488        0x0 ../Lab0_bsp/\libucosii_bsp.a(alt_env_lock.o)
 .bss           0x04018488        0x0 ../Lab0_bsp/\libucosii_bsp.a(alt_malloc_lock.o)
 .bss           0x04018488        0x0 ../Lab0_bsp/\libucosii_bsp.a(os_core.o)
 .bss           0x04018488        0x0 ../Lab0_bsp/\libucosii_bsp.a(os_dbg.o)
 .bss           0x04018488        0x0 ../Lab0_bsp/\libucosii_bsp.a(os_flag.o)
 .bss           0x04018488        0x0 ../Lab0_bsp/\libucosii_bsp.a(os_mem.o)
 .bss           0x04018488        0x0 ../Lab0_bsp/\libucosii_bsp.a(os_q.o)
 .bss           0x04018488        0x0 ../Lab0_bsp/\libucosii_bsp.a(os_sem.o)
 .bss           0x04018488        0x0 ../Lab0_bsp/\libucosii_bsp.a(os_task.o)
 .bss           0x04018488        0x0 ../Lab0_bsp/\libucosii_bsp.a(os_time.o)
 .bss           0x04018488        0x0 ../Lab0_bsp/\libucosii_bsp.a(alt_sys_init.o)
 .bss           0x04018488        0x0 ../Lab0_bsp/\libucosii_bsp.a(altera_avalon_epcs_flash_controller.o)
 .bss           0x04018488        0x0 ../Lab0_bsp/\libucosii_bsp.a(altera_avalon_jtag_uart_fd.o)
 .bss           0x04018488        0x0 ../Lab0_bsp/\libucosii_bsp.a(altera_avalon_jtag_uart_init.o)
 .bss           0x04018488        0x0 ../Lab0_bsp/\libucosii_bsp.a(altera_avalon_jtag_uart_ioctl.o)
 .bss           0x04018488        0x0 ../Lab0_bsp/\libucosii_bsp.a(altera_avalon_jtag_uart_read.o)
 .bss           0x04018488        0x0 ../Lab0_bsp/\libucosii_bsp.a(altera_avalon_jtag_uart_write.o)
 .bss           0x04018488        0x0 ../Lab0_bsp/\libucosii_bsp.a(altera_avalon_timer_sc.o)
 .bss           0x04018488        0x0 ../Lab0_bsp/\libucosii_bsp.a(epcs_commands.o)
 .bss           0x04018488        0x0 ../Lab0_bsp/\libucosii_bsp.a(alt_alarm_start.o)
 .bss           0x04018488        0x0 ../Lab0_bsp/\libucosii_bsp.a(alt_close.o)
 .bss           0x04018488        0x0 ../Lab0_bsp/\libucosii_bsp.a(alt_dev.o)
 .bss           0x04018488        0x0 ../Lab0_bsp/\libucosii_bsp.a(alt_dev_llist_insert.o)
 .bss           0x04018488        0x0 ../Lab0_bsp/\libucosii_bsp.a(alt_do_ctors.o)
 .bss           0x04018488        0x0 ../Lab0_bsp/\libucosii_bsp.a(alt_do_dtors.o)
 .bss           0x04018488        0x0 ../Lab0_bsp/\libucosii_bsp.a(alt_errno.o)
 .bss           0x04018488        0x0 ../Lab0_bsp/\libucosii_bsp.a(alt_flash_dev.o)
 .bss           0x04018488        0x0 ../Lab0_bsp/\libucosii_bsp.a(alt_iic.o)
 .bss           0x04018488        0x0 ../Lab0_bsp/\libucosii_bsp.a(alt_iic_isr_register.o)
 .bss           0x04018488        0x0 ../Lab0_bsp/\libucosii_bsp.a(alt_io_redirect.o)
 .bss           0x04018488        0x0 ../Lab0_bsp/\libucosii_bsp.a(alt_irq_entry.o)
 .bss           0x04018488        0x0 ../Lab0_bsp/\libucosii_bsp.a(alt_irq_handler.o)
 .bss           0x04018488        0x0 ../Lab0_bsp/\libucosii_bsp.a(alt_irq_vars.o)
 .bss           0x04018488        0x0 ../Lab0_bsp/\libucosii_bsp.a(alt_open.o)
 .bss           0x04018488        0x0 ../Lab0_bsp/\libucosii_bsp.a(alt_release_fd.o)
 .bss           0x04018488        0x0 ../Lab0_bsp/\libucosii_bsp.a(alt_tick.o)
 .bss           0x04018488        0x0 ../Lab0_bsp/\libucosii_bsp.a(altera_nios2_irq.o)
 .bss           0x04018488        0x0 ../Lab0_bsp/\libucosii_bsp.a(os_cpu_a.o)
 .bss           0x04018488        0x0 ../Lab0_bsp/\libucosii_bsp.a(os_cpu_c.o)
 .bss           0x04018488        0x0 ../Lab0_bsp/\libucosii_bsp.a(altera_avalon_spi.o)
 .bss           0x04018488        0x0 ../Lab0_bsp/\libucosii_bsp.a(alt_exception_entry.o)
 .bss           0x04018488        0x0 ../Lab0_bsp/\libucosii_bsp.a(alt_find_dev.o)
 .bss           0x04018488        0x0 ../Lab0_bsp/\libucosii_bsp.a(alt_find_file.o)
 .bss           0x04018488        0x0 ../Lab0_bsp/\libucosii_bsp.a(alt_get_fd.o)
 .bss           0x04018488        0x0 c:/altera/11.0sp1/nios2eds/bin/gnu/h-i686-mingw32/bin/../lib/gcc/nios2-elf/4.1.2/../../../../nios2-elf/lib\libc.a(lib_a-atexit.o)
 .bss           0x04018488        0x0 c:/altera/11.0sp1/nios2eds/bin/gnu/h-i686-mingw32/bin/../lib/gcc/nios2-elf/4.1.2/../../../../nios2-elf/lib\libc.a(lib_a-exit.o)
 .bss           0x04018488        0x0 c:/altera/11.0sp1/nios2eds/bin/gnu/h-i686-mingw32/bin/../lib/gcc/nios2-elf/4.1.2/../../../../nios2-elf/lib\libc.a(lib_a-impure.o)
 .bss           0x04018488        0x0 c:/altera/11.0sp1/nios2eds/bin/gnu/h-i686-mingw32/bin/../lib/gcc/nios2-elf/4.1.2/../../../../nios2-elf/lib\libc.a(lib_a-int_errno.o)
 .bss           0x04018488        0x0 c:/altera/11.0sp1/nios2eds/bin/gnu/h-i686-mingw32/bin/../lib/gcc/nios2-elf/4.1.2/../../../../nios2-elf/lib\libc.a(lib_a-memcmp.o)
 .bss           0x04018488        0x0 c:/altera/11.0sp1/nios2eds/bin/gnu/h-i686-mingw32/bin/../lib/gcc/nios2-elf/4.1.2/../../../../nios2-elf/lib\libc.a(lib_a-memcpy.o)
 .bss           0x04018488        0x0 c:/altera/11.0sp1/nios2eds/bin/gnu/h-i686-mingw32/bin/../lib/gcc/nios2-elf/4.1.2/../../../../nios2-elf/lib\libc.a(lib_a-memset.o)
 .bss           0x04018488        0x0 c:/altera/11.0sp1/nios2eds/bin/gnu/h-i686-mingw32/bin/../lib/gcc/nios2-elf/4.1.2/../../../../nios2-elf/lib\libc.a(lib_a-printf.o)
 .bss           0x04018488        0x0 c:/altera/11.0sp1/nios2eds/bin/gnu/h-i686-mingw32/bin/../lib/gcc/nios2-elf/4.1.2/../../../../nios2-elf/lib\libc.a(lib_a-strlen.o)
 .bss           0x04018488        0x0 c:/altera/11.0sp1/nios2eds/bin/gnu/h-i686-mingw32/bin/../lib/gcc/nios2-elf/4.1.2/../../../../nios2-elf/lib\libc.a(lib_a-vfprintf.o)
 .bss           0x04018488        0x0 c:/altera/11.0sp1/nios2eds/bin/gnu/h-i686-mingw32/bin/../lib/gcc/nios2-elf/4.1.2/../../../../nios2-elf/lib\libc.a(lib_a-wsetup.o)
 .bss           0x04018488        0x0 c:/altera/11.0sp1/nios2eds/bin/gnu/h-i686-mingw32/bin/../lib/gcc/nios2-elf/4.1.2/../../../../nios2-elf/lib\libc.a(lib_a-__atexit.o)
 .bss           0x04018488        0x0 c:/altera/11.0sp1/nios2eds/bin/gnu/h-i686-mingw32/bin/../lib/gcc/nios2-elf/4.1.2/../../../../nios2-elf/lib\libc.a(lib_a-__call_atexit.o)
 .bss           0x04018488        0x0 c:/altera/11.0sp1/nios2eds/bin/gnu/h-i686-mingw32/bin/../lib/gcc/nios2-elf/4.1.2/../../../../nios2-elf/lib\libc.a(lib_a-dtoa.o)
 .bss           0x04018488        0x0 c:/altera/11.0sp1/nios2eds/bin/gnu/h-i686-mingw32/bin/../lib/gcc/nios2-elf/4.1.2/../../../../nios2-elf/lib\libc.a(lib_a-fflush.o)
 .bss           0x04018488        0x0 c:/altera/11.0sp1/nios2eds/bin/gnu/h-i686-mingw32/bin/../lib/gcc/nios2-elf/4.1.2/../../../../nios2-elf/lib\libc.a(lib_a-findfp.o)
 .bss           0x04018488        0x0 c:/altera/11.0sp1/nios2eds/bin/gnu/h-i686-mingw32/bin/../lib/gcc/nios2-elf/4.1.2/../../../../nios2-elf/lib\libc.a(lib_a-freer.o)
 .bss           0x04018488        0x0 c:/altera/11.0sp1/nios2eds/bin/gnu/h-i686-mingw32/bin/../lib/gcc/nios2-elf/4.1.2/../../../../nios2-elf/lib\libc.a(lib_a-fvwrite.o)
 .bss           0x04018488        0x0 c:/altera/11.0sp1/nios2eds/bin/gnu/h-i686-mingw32/bin/../lib/gcc/nios2-elf/4.1.2/../../../../nios2-elf/lib\libc.a(lib_a-fwalk.o)
 .bss           0x04018488        0x0 c:/altera/11.0sp1/nios2eds/bin/gnu/h-i686-mingw32/bin/../lib/gcc/nios2-elf/4.1.2/../../../../nios2-elf/lib\libc.a(lib_a-locale.o)
 .bss           0x04018488        0x0 c:/altera/11.0sp1/nios2eds/bin/gnu/h-i686-mingw32/bin/../lib/gcc/nios2-elf/4.1.2/../../../../nios2-elf/lib\libc.a(lib_a-makebuf.o)
 .bss           0x04018488       0x28 c:/altera/11.0sp1/nios2eds/bin/gnu/h-i686-mingw32/bin/../lib/gcc/nios2-elf/4.1.2/../../../../nios2-elf/lib\libc.a(lib_a-mallocr.o)
                0x04018488                __malloc_current_mallinfo
 .bss           0x040184b0        0x0 c:/altera/11.0sp1/nios2eds/bin/gnu/h-i686-mingw32/bin/../lib/gcc/nios2-elf/4.1.2/../../../../nios2-elf/lib\libc.a(lib_a-memchr.o)
 .bss           0x040184b0        0x0 c:/altera/11.0sp1/nios2eds/bin/gnu/h-i686-mingw32/bin/../lib/gcc/nios2-elf/4.1.2/../../../../nios2-elf/lib\libc.a(lib_a-memmove.o)
 .bss           0x040184b0        0x0 c:/altera/11.0sp1/nios2eds/bin/gnu/h-i686-mingw32/bin/../lib/gcc/nios2-elf/4.1.2/../../../../nios2-elf/lib\libc.a(lib_a-mprec.o)
 .bss           0x040184b0        0x0 c:/altera/11.0sp1/nios2eds/bin/gnu/h-i686-mingw32/bin/../lib/gcc/nios2-elf/4.1.2/../../../../nios2-elf/lib\libc.a(lib_a-reallocr.o)
 .bss           0x040184b0        0x0 c:/altera/11.0sp1/nios2eds/bin/gnu/h-i686-mingw32/bin/../lib/gcc/nios2-elf/4.1.2/../../../../nios2-elf/lib\libc.a(lib_a-s_isinfd.o)
 .bss           0x040184b0        0x0 c:/altera/11.0sp1/nios2eds/bin/gnu/h-i686-mingw32/bin/../lib/gcc/nios2-elf/4.1.2/../../../../nios2-elf/lib\libc.a(lib_a-s_isnand.o)
 .bss           0x040184b0        0x0 c:/altera/11.0sp1/nios2eds/bin/gnu/h-i686-mingw32/bin/../lib/gcc/nios2-elf/4.1.2/../../../../nios2-elf/lib\libc.a(lib_a-sbrkr.o)
 .bss           0x040184b0        0x0 c:/altera/11.0sp1/nios2eds/bin/gnu/h-i686-mingw32/bin/../lib/gcc/nios2-elf/4.1.2/../../../../nios2-elf/lib\libc.a(lib_a-stdio.o)
 .bss           0x040184b0        0x0 c:/altera/11.0sp1/nios2eds/bin/gnu/h-i686-mingw32/bin/../lib/gcc/nios2-elf/4.1.2/../../../../nios2-elf/lib\libc.a(lib_a-strcmp.o)
 .bss           0x040184b0        0x0 c:/altera/11.0sp1/nios2eds/bin/gnu/h-i686-mingw32/bin/../lib/gcc/nios2-elf/4.1.2/../../../../nios2-elf/lib\libc.a(lib_a-writer.o)
 .bss           0x040184b0        0x0 c:/altera/11.0sp1/nios2eds/bin/gnu/h-i686-mingw32/bin/../lib/gcc/nios2-elf/4.1.2/../../../../nios2-elf/lib\libc.a(lib_a-callocr.o)
 .bss           0x040184b0        0x0 c:/altera/11.0sp1/nios2eds/bin/gnu/h-i686-mingw32/bin/../lib/gcc/nios2-elf/4.1.2/../../../../nios2-elf/lib\libc.a(lib_a-closer.o)
 .bss           0x040184b0        0x0 c:/altera/11.0sp1/nios2eds/bin/gnu/h-i686-mingw32/bin/../lib/gcc/nios2-elf/4.1.2/../../../../nios2-elf/lib\libc.a(lib_a-fclose.o)
 .bss           0x040184b0        0x0 c:/altera/11.0sp1/nios2eds/bin/gnu/h-i686-mingw32/bin/../lib/gcc/nios2-elf/4.1.2/../../../../nios2-elf/lib\libc.a(lib_a-fstatr.o)
 .bss           0x040184b0        0x0 c:/altera/11.0sp1/nios2eds/bin/gnu/h-i686-mingw32/bin/../lib/gcc/nios2-elf/4.1.2/../../../../nios2-elf/lib\libc.a(lib_a-isattyr.o)
 .bss           0x040184b0        0x0 c:/altera/11.0sp1/nios2eds/bin/gnu/h-i686-mingw32/bin/../lib/gcc/nios2-elf/4.1.2/../../../../nios2-elf/lib\libc.a(lib_a-lseekr.o)
 .bss           0x040184b0        0x0 c:/altera/11.0sp1/nios2eds/bin/gnu/h-i686-mingw32/bin/../lib/gcc/nios2-elf/4.1.2/../../../../nios2-elf/lib\libc.a(lib_a-readr.o)
 .bss           0x040184b0        0x0 c:/altera/11.0sp1/nios2eds/bin/gnu/h-i686-mingw32/bin/../lib/gcc/nios2-elf/4.1.2\libgcc.a(_udivdi3.o)
 .bss           0x040184b0        0x0 c:/altera/11.0sp1/nios2eds/bin/gnu/h-i686-mingw32/bin/../lib/gcc/nios2-elf/4.1.2\libgcc.a(_umoddi3.o)
 .bss           0x040184b0        0x0 c:/altera/11.0sp1/nios2eds/bin/gnu/h-i686-mingw32/bin/../lib/gcc/nios2-elf/4.1.2\libgcc.a(_addsub_df.o)
 .bss           0x040184b0        0x0 c:/altera/11.0sp1/nios2eds/bin/gnu/h-i686-mingw32/bin/../lib/gcc/nios2-elf/4.1.2\libgcc.a(_mul_df.o)
 .bss           0x040184b0        0x0 c:/altera/11.0sp1/nios2eds/bin/gnu/h-i686-mingw32/bin/../lib/gcc/nios2-elf/4.1.2\libgcc.a(_div_df.o)
 .bss           0x040184b0        0x0 c:/altera/11.0sp1/nios2eds/bin/gnu/h-i686-mingw32/bin/../lib/gcc/nios2-elf/4.1.2\libgcc.a(_eq_df.o)
 .bss           0x040184b0        0x0 c:/altera/11.0sp1/nios2eds/bin/gnu/h-i686-mingw32/bin/../lib/gcc/nios2-elf/4.1.2\libgcc.a(_ne_df.o)
 .bss           0x040184b0        0x0 c:/altera/11.0sp1/nios2eds/bin/gnu/h-i686-mingw32/bin/../lib/gcc/nios2-elf/4.1.2\libgcc.a(_gt_df.o)
 .bss           0x040184b0        0x0 c:/altera/11.0sp1/nios2eds/bin/gnu/h-i686-mingw32/bin/../lib/gcc/nios2-elf/4.1.2\libgcc.a(_ge_df.o)
 .bss           0x040184b0        0x0 c:/altera/11.0sp1/nios2eds/bin/gnu/h-i686-mingw32/bin/../lib/gcc/nios2-elf/4.1.2\libgcc.a(_lt_df.o)
 .bss           0x040184b0        0x0 c:/altera/11.0sp1/nios2eds/bin/gnu/h-i686-mingw32/bin/../lib/gcc/nios2-elf/4.1.2\libgcc.a(_si_to_df.o)
 .bss           0x040184b0        0x0 c:/altera/11.0sp1/nios2eds/bin/gnu/h-i686-mingw32/bin/../lib/gcc/nios2-elf/4.1.2\libgcc.a(_df_to_si.o)
 .bss           0x040184b0        0x0 c:/altera/11.0sp1/nios2eds/bin/gnu/h-i686-mingw32/bin/../lib/gcc/nios2-elf/4.1.2\libgcc.a(_thenan_df.o)
 .bss           0x040184b0        0x0 c:/altera/11.0sp1/nios2eds/bin/gnu/h-i686-mingw32/bin/../lib/gcc/nios2-elf/4.1.2\libgcc.a(_usi_to_df.o)
 .bss           0x040184b0        0x0 c:/altera/11.0sp1/nios2eds/bin/gnu/h-i686-mingw32/bin/../lib/gcc/nios2-elf/4.1.2\libgcc.a(lib2-divmod.o)
 .bss           0x040184b0        0x0 c:/altera/11.0sp1/nios2eds/bin/gnu/h-i686-mingw32/bin/../lib/gcc/nios2-elf/4.1.2\libgcc.a(_muldi3.o)
 .bss           0x040184b0        0x0 c:/altera/11.0sp1/nios2eds/bin/gnu/h-i686-mingw32/bin/../lib/gcc/nios2-elf/4.1.2\libgcc.a(_clz.o)
 .bss           0x040184b0        0x0 c:/altera/11.0sp1/nios2eds/bin/gnu/h-i686-mingw32/bin/../lib/gcc/nios2-elf/4.1.2\libgcc.a(_clzsi2.o)
 .bss           0x040184b0        0x0 c:/altera/11.0sp1/nios2eds/bin/gnu/h-i686-mingw32/bin/../lib/gcc/nios2-elf/4.1.2\libgcc.a(_pack_df.o)
 .bss           0x040184b0        0x0 c:/altera/11.0sp1/nios2eds/bin/gnu/h-i686-mingw32/bin/../lib/gcc/nios2-elf/4.1.2\libgcc.a(_unpack_df.o)
 .bss           0x040184b0        0x0 c:/altera/11.0sp1/nios2eds/bin/gnu/h-i686-mingw32/bin/../lib/gcc/nios2-elf/4.1.2\libgcc.a(_fpcmp_parts_df.o)
 .bss           0x040184b0        0x0 ../Lab0_bsp/\libucosii_bsp.a(alt_exit.o)
 .bss           0x040184b0        0x0 ../Lab0_bsp/\libucosii_bsp.a(alt_fstat.o)
 .bss           0x040184b0        0x0 ../Lab0_bsp/\libucosii_bsp.a(alt_isatty.o)
 .bss           0x040184b0        0x0 ../Lab0_bsp/\libucosii_bsp.a(alt_lseek.o)
 .bss           0x040184b0        0x0 ../Lab0_bsp/\libucosii_bsp.a(alt_read.o)
 .bss           0x040184b0        0x0 ../Lab0_bsp/\libucosii_bsp.a(alt_sbrk.o)
 .bss           0x040184b0        0x0 ../Lab0_bsp/\libucosii_bsp.a(alt_write.o)
 *(COMMON)
 COMMON         0x040184b0     0x6000 obj/hello_ucosii.o
                0x040184b0                task1_stk
                0x0401a4b0                task2_stk
                0x0401c4b0                task3_stk
 COMMON         0x0401e4b0     0x3284 ../Lab0_bsp/\libucosii_bsp.a(os_core.o)
                0x0401e4b0                OSFlagTbl
                0x0401e820                OSMemTbl
                0x0401f450                OSTaskStatStk
                0x0401fc50                OSQTbl
                0x0401fe30                OSTaskIdleStk
                0x04020630                OSEventTbl
                0x04021170                OSTCBTbl
                0x040216e0                OSTCBPrioTbl
 COMMON         0x04021734      0x100 ../Lab0_bsp/\libucosii_bsp.a(alt_irq_handler.o)
                0x04021734                alt_irq
 COMMON         0x04021834      0x190 c:/altera/11.0sp1/nios2eds/bin/gnu/h-i686-mingw32/bin/../lib/gcc/nios2-elf/4.1.2/../../../../nios2-elf/lib\libc.a(lib_a-atexit.o)
                0x04021834                _atexit0
                0x040219c4                . = ALIGN (0x4)
                0x040219c4                __bss_end = ABSOLUTE (.)

.epcs           0x00000020        0x0
                0x00000020                PROVIDE (_alt_partition_epcs_start, ABSOLUTE (.))
 *(.epcs. epcs.*)
                0x00000020                . = ALIGN (0x4)
                0x00000020                PROVIDE (_alt_partition_epcs_end, ABSOLUTE (.))
                0x00000020                PROVIDE (_alt_partition_epcs_load_addr, LOADADDR (.epcs))

.sdram          0x040219c4        0x0
                0x040219c4                PROVIDE (_alt_partition_sdram_start, ABSOLUTE (.))
 *(.sdram. sdram.*)
                0x040219c4                . = ALIGN (0x4)
                0x040219c4                PROVIDE (_alt_partition_sdram_end, ABSOLUTE (.))
                0x040219c4                _end = ABSOLUTE (.)
                0x040219c4                end = ABSOLUTE (.)
                0x040219c4                __alt_stack_base = ABSOLUTE (.)
                0x040219c4                PROVIDE (_alt_partition_sdram_load_addr, LOADADDR (.sdram))

.stab
 *(.stab)

.stabstr
 *(.stabstr)

.stab.excl
 *(.stab.excl)

.stab.exclstr
 *(.stab.exclstr)

.stab.index
 *(.stab.index)

.stab.indexstr
 *(.stab.indexstr)

.comment        0x00000000       0x26
 *(.comment)
 .comment       0x00000000       0x26 obj/hello_ucosii.o
                                 0x27 (size before relaxing)
 .comment       0x00000000       0x27 ../Lab0_bsp/\libucosii_bsp.a(alt_main.o)
 .comment       0x00000000       0x27 ../Lab0_bsp/\libucosii_bsp.a(alt_env_lock.o)
 .comment       0x00000000       0x27 ../Lab0_bsp/\libucosii_bsp.a(alt_malloc_lock.o)
 .comment       0x00000000       0x27 ../Lab0_bsp/\libucosii_bsp.a(os_core.o)
 .comment       0x00000000       0x27 ../Lab0_bsp/\libucosii_bsp.a(os_dbg.o)
 .comment       0x00000000       0x27 ../Lab0_bsp/\libucosii_bsp.a(os_flag.o)
 .comment       0x00000000       0x27 ../Lab0_bsp/\libucosii_bsp.a(os_mem.o)
 .comment       0x00000000       0x27 ../Lab0_bsp/\libucosii_bsp.a(os_q.o)
 .comment       0x00000000       0x27 ../Lab0_bsp/\libucosii_bsp.a(os_sem.o)
 .comment       0x00000000       0x27 ../Lab0_bsp/\libucosii_bsp.a(os_task.o)
 .comment       0x00000000       0x27 ../Lab0_bsp/\libucosii_bsp.a(os_time.o)
 .comment       0x00000000       0x27 ../Lab0_bsp/\libucosii_bsp.a(alt_sys_init.o)
 .comment       0x00000000       0x27 ../Lab0_bsp/\libucosii_bsp.a(altera_avalon_epcs_flash_controller.o)
 .comment       0x00000000       0x27 ../Lab0_bsp/\libucosii_bsp.a(altera_avalon_jtag_uart_fd.o)
 .comment       0x00000000       0x27 ../Lab0_bsp/\libucosii_bsp.a(altera_avalon_jtag_uart_init.o)
 .comment       0x00000000       0x27 ../Lab0_bsp/\libucosii_bsp.a(altera_avalon_jtag_uart_ioctl.o)
 .comment       0x00000000       0x27 ../Lab0_bsp/\libucosii_bsp.a(altera_avalon_jtag_uart_read.o)
 .comment       0x00000000       0x27 ../Lab0_bsp/\libucosii_bsp.a(altera_avalon_jtag_uart_write.o)
 .comment       0x00000000       0x27 ../Lab0_bsp/\libucosii_bsp.a(altera_avalon_timer_sc.o)
 .comment       0x00000000       0x27 ../Lab0_bsp/\libucosii_bsp.a(epcs_commands.o)
 .comment       0x00000000       0x27 ../Lab0_bsp/\libucosii_bsp.a(alt_alarm_start.o)
 .comment       0x00000000       0x27 ../Lab0_bsp/\libucosii_bsp.a(alt_close.o)
 .comment       0x00000000       0x27 ../Lab0_bsp/\libucosii_bsp.a(alt_dev.o)
 .comment       0x00000000       0x27 ../Lab0_bsp/\libucosii_bsp.a(alt_dev_llist_insert.o)
 .comment       0x00000000       0x27 ../Lab0_bsp/\libucosii_bsp.a(alt_do_ctors.o)
 .comment       0x00000000       0x27 ../Lab0_bsp/\libucosii_bsp.a(alt_do_dtors.o)
 .comment       0x00000000       0x27 ../Lab0_bsp/\libucosii_bsp.a(alt_errno.o)
 .comment       0x00000000       0x27 ../Lab0_bsp/\libucosii_bsp.a(alt_flash_dev.o)
 .comment       0x00000000       0x27 ../Lab0_bsp/\libucosii_bsp.a(alt_iic.o)
 .comment       0x00000000       0x27 ../Lab0_bsp/\libucosii_bsp.a(alt_iic_isr_register.o)
 .comment       0x00000000       0x27 ../Lab0_bsp/\libucosii_bsp.a(alt_io_redirect.o)
 .comment       0x00000000       0x27 ../Lab0_bsp/\libucosii_bsp.a(alt_irq_handler.o)
 .comment       0x00000000       0x27 ../Lab0_bsp/\libucosii_bsp.a(alt_irq_vars.o)
 .comment       0x00000000       0x27 ../Lab0_bsp/\libucosii_bsp.a(alt_open.o)
 .comment       0x00000000       0x27 ../Lab0_bsp/\libucosii_bsp.a(alt_release_fd.o)
 .comment       0x00000000       0x27 ../Lab0_bsp/\libucosii_bsp.a(alt_tick.o)
 .comment       0x00000000       0x27 ../Lab0_bsp/\libucosii_bsp.a(altera_nios2_irq.o)
 .comment       0x00000000       0x27 ../Lab0_bsp/\libucosii_bsp.a(os_cpu_c.o)
 .comment       0x00000000       0x27 ../Lab0_bsp/\libucosii_bsp.a(altera_avalon_spi.o)
 .comment       0x00000000       0x27 ../Lab0_bsp/\libucosii_bsp.a(alt_find_dev.o)
 .comment       0x00000000       0x27 ../Lab0_bsp/\libucosii_bsp.a(alt_find_file.o)
 .comment       0x00000000       0x27 ../Lab0_bsp/\libucosii_bsp.a(alt_get_fd.o)
 .comment       0x00000000       0x27 c:/altera/11.0sp1/nios2eds/bin/gnu/h-i686-mingw32/bin/../lib/gcc/nios2-elf/4.1.2/../../../../nios2-elf/lib\libc.a(lib_a-atexit.o)
 .comment       0x00000000       0x27 c:/altera/11.0sp1/nios2eds/bin/gnu/h-i686-mingw32/bin/../lib/gcc/nios2-elf/4.1.2/../../../../nios2-elf/lib\libc.a(lib_a-exit.o)
 .comment       0x00000000       0x27 c:/altera/11.0sp1/nios2eds/bin/gnu/h-i686-mingw32/bin/../lib/gcc/nios2-elf/4.1.2/../../../../nios2-elf/lib\libc.a(lib_a-impure.o)
 .comment       0x00000000       0x27 c:/altera/11.0sp1/nios2eds/bin/gnu/h-i686-mingw32/bin/../lib/gcc/nios2-elf/4.1.2/../../../../nios2-elf/lib\libc.a(lib_a-int_errno.o)
 .comment       0x00000000       0x27 c:/altera/11.0sp1/nios2eds/bin/gnu/h-i686-mingw32/bin/../lib/gcc/nios2-elf/4.1.2/../../../../nios2-elf/lib\libc.a(lib_a-memcmp.o)
 .comment       0x00000000       0x27 c:/altera/11.0sp1/nios2eds/bin/gnu/h-i686-mingw32/bin/../lib/gcc/nios2-elf/4.1.2/../../../../nios2-elf/lib\libc.a(lib_a-memcpy.o)
 .comment       0x00000000       0x27 c:/altera/11.0sp1/nios2eds/bin/gnu/h-i686-mingw32/bin/../lib/gcc/nios2-elf/4.1.2/../../../../nios2-elf/lib\libc.a(lib_a-memset.o)
 .comment       0x00000000       0x27 c:/altera/11.0sp1/nios2eds/bin/gnu/h-i686-mingw32/bin/../lib/gcc/nios2-elf/4.1.2/../../../../nios2-elf/lib\libc.a(lib_a-printf.o)
 .comment       0x00000000       0x27 c:/altera/11.0sp1/nios2eds/bin/gnu/h-i686-mingw32/bin/../lib/gcc/nios2-elf/4.1.2/../../../../nios2-elf/lib\libc.a(lib_a-strlen.o)
 .comment       0x00000000       0x27 c:/altera/11.0sp1/nios2eds/bin/gnu/h-i686-mingw32/bin/../lib/gcc/nios2-elf/4.1.2/../../../../nios2-elf/lib\libc.a(lib_a-vfprintf.o)
 .comment       0x00000000       0x27 c:/altera/11.0sp1/nios2eds/bin/gnu/h-i686-mingw32/bin/../lib/gcc/nios2-elf/4.1.2/../../../../nios2-elf/lib\libc.a(lib_a-wsetup.o)
 .comment       0x00000000       0x27 c:/altera/11.0sp1/nios2eds/bin/gnu/h-i686-mingw32/bin/../lib/gcc/nios2-elf/4.1.2/../../../../nios2-elf/lib\libc.a(lib_a-__atexit.o)
 .comment       0x00000000       0x27 c:/altera/11.0sp1/nios2eds/bin/gnu/h-i686-mingw32/bin/../lib/gcc/nios2-elf/4.1.2/../../../../nios2-elf/lib\libc.a(lib_a-__call_atexit.o)
 .comment       0x00000000       0x27 c:/altera/11.0sp1/nios2eds/bin/gnu/h-i686-mingw32/bin/../lib/gcc/nios2-elf/4.1.2/../../../../nios2-elf/lib\libc.a(lib_a-dtoa.o)
 .comment       0x00000000       0x27 c:/altera/11.0sp1/nios2eds/bin/gnu/h-i686-mingw32/bin/../lib/gcc/nios2-elf/4.1.2/../../../../nios2-elf/lib\libc.a(lib_a-fflush.o)
 .comment       0x00000000       0x27 c:/altera/11.0sp1/nios2eds/bin/gnu/h-i686-mingw32/bin/../lib/gcc/nios2-elf/4.1.2/../../../../nios2-elf/lib\libc.a(lib_a-findfp.o)
 .comment       0x00000000       0x27 c:/altera/11.0sp1/nios2eds/bin/gnu/h-i686-mingw32/bin/../lib/gcc/nios2-elf/4.1.2/../../../../nios2-elf/lib\libc.a(lib_a-freer.o)
 .comment       0x00000000       0x27 c:/altera/11.0sp1/nios2eds/bin/gnu/h-i686-mingw32/bin/../lib/gcc/nios2-elf/4.1.2/../../../../nios2-elf/lib\libc.a(lib_a-fvwrite.o)
 .comment       0x00000000       0x27 c:/altera/11.0sp1/nios2eds/bin/gnu/h-i686-mingw32/bin/../lib/gcc/nios2-elf/4.1.2/../../../../nios2-elf/lib\libc.a(lib_a-fwalk.o)
 .comment       0x00000000       0x27 c:/altera/11.0sp1/nios2eds/bin/gnu/h-i686-mingw32/bin/../lib/gcc/nios2-elf/4.1.2/../../../../nios2-elf/lib\libc.a(lib_a-locale.o)
 .comment       0x00000000       0x27 c:/altera/11.0sp1/nios2eds/bin/gnu/h-i686-mingw32/bin/../lib/gcc/nios2-elf/4.1.2/../../../../nios2-elf/lib\libc.a(lib_a-makebuf.o)
 .comment       0x00000000       0x27 c:/altera/11.0sp1/nios2eds/bin/gnu/h-i686-mingw32/bin/../lib/gcc/nios2-elf/4.1.2/../../../../nios2-elf/lib\libc.a(lib_a-mallocr.o)
 .comment       0x00000000       0x27 c:/altera/11.0sp1/nios2eds/bin/gnu/h-i686-mingw32/bin/../lib/gcc/nios2-elf/4.1.2/../../../../nios2-elf/lib\libc.a(lib_a-memchr.o)
 .comment       0x00000000       0x27 c:/altera/11.0sp1/nios2eds/bin/gnu/h-i686-mingw32/bin/../lib/gcc/nios2-elf/4.1.2/../../../../nios2-elf/lib\libc.a(lib_a-memmove.o)
 .comment       0x00000000       0x27 c:/altera/11.0sp1/nios2eds/bin/gnu/h-i686-mingw32/bin/../lib/gcc/nios2-elf/4.1.2/../../../../nios2-elf/lib\libc.a(lib_a-mprec.o)
 .comment       0x00000000       0x27 c:/altera/11.0sp1/nios2eds/bin/gnu/h-i686-mingw32/bin/../lib/gcc/nios2-elf/4.1.2/../../../../nios2-elf/lib\libc.a(lib_a-reallocr.o)
 .comment       0x00000000       0x27 c:/altera/11.0sp1/nios2eds/bin/gnu/h-i686-mingw32/bin/../lib/gcc/nios2-elf/4.1.2/../../../../nios2-elf/lib\libc.a(lib_a-s_isinfd.o)
 .comment       0x00000000       0x27 c:/altera/11.0sp1/nios2eds/bin/gnu/h-i686-mingw32/bin/../lib/gcc/nios2-elf/4.1.2/../../../../nios2-elf/lib\libc.a(lib_a-s_isnand.o)
 .comment       0x00000000       0x27 c:/altera/11.0sp1/nios2eds/bin/gnu/h-i686-mingw32/bin/../lib/gcc/nios2-elf/4.1.2/../../../../nios2-elf/lib\libc.a(lib_a-sbrkr.o)
 .comment       0x00000000       0x27 c:/altera/11.0sp1/nios2eds/bin/gnu/h-i686-mingw32/bin/../lib/gcc/nios2-elf/4.1.2/../../../../nios2-elf/lib\libc.a(lib_a-stdio.o)
 .comment       0x00000000       0x27 c:/altera/11.0sp1/nios2eds/bin/gnu/h-i686-mingw32/bin/../lib/gcc/nios2-elf/4.1.2/../../../../nios2-elf/lib\libc.a(lib_a-strcmp.o)
 .comment       0x00000000       0x27 c:/altera/11.0sp1/nios2eds/bin/gnu/h-i686-mingw32/bin/../lib/gcc/nios2-elf/4.1.2/../../../../nios2-elf/lib\libc.a(lib_a-writer.o)
 .comment       0x00000000       0x27 c:/altera/11.0sp1/nios2eds/bin/gnu/h-i686-mingw32/bin/../lib/gcc/nios2-elf/4.1.2/../../../../nios2-elf/lib\libc.a(lib_a-callocr.o)
 .comment       0x00000000       0x27 c:/altera/11.0sp1/nios2eds/bin/gnu/h-i686-mingw32/bin/../lib/gcc/nios2-elf/4.1.2/../../../../nios2-elf/lib\libc.a(lib_a-closer.o)
 .comment       0x00000000       0x27 c:/altera/11.0sp1/nios2eds/bin/gnu/h-i686-mingw32/bin/../lib/gcc/nios2-elf/4.1.2/../../../../nios2-elf/lib\libc.a(lib_a-fclose.o)
 .comment       0x00000000       0x27 c:/altera/11.0sp1/nios2eds/bin/gnu/h-i686-mingw32/bin/../lib/gcc/nios2-elf/4.1.2/../../../../nios2-elf/lib\libc.a(lib_a-fstatr.o)
 .comment       0x00000000       0x27 c:/altera/11.0sp1/nios2eds/bin/gnu/h-i686-mingw32/bin/../lib/gcc/nios2-elf/4.1.2/../../../../nios2-elf/lib\libc.a(lib_a-isattyr.o)
 .comment       0x00000000       0x27 c:/altera/11.0sp1/nios2eds/bin/gnu/h-i686-mingw32/bin/../lib/gcc/nios2-elf/4.1.2/../../../../nios2-elf/lib\libc.a(lib_a-lseekr.o)
 .comment       0x00000000       0x27 c:/altera/11.0sp1/nios2eds/bin/gnu/h-i686-mingw32/bin/../lib/gcc/nios2-elf/4.1.2/../../../../nios2-elf/lib\libc.a(lib_a-readr.o)
 .comment       0x00000000       0x27 c:/altera/11.0sp1/nios2eds/bin/gnu/h-i686-mingw32/bin/../lib/gcc/nios2-elf/4.1.2\libgcc.a(_udivdi3.o)
 .comment       0x00000000       0x27 c:/altera/11.0sp1/nios2eds/bin/gnu/h-i686-mingw32/bin/../lib/gcc/nios2-elf/4.1.2\libgcc.a(_umoddi3.o)
 .comment       0x00000000       0x27 c:/altera/11.0sp1/nios2eds/bin/gnu/h-i686-mingw32/bin/../lib/gcc/nios2-elf/4.1.2\libgcc.a(_addsub_df.o)
 .comment       0x00000000       0x27 c:/altera/11.0sp1/nios2eds/bin/gnu/h-i686-mingw32/bin/../lib/gcc/nios2-elf/4.1.2\libgcc.a(_mul_df.o)
 .comment       0x00000000       0x27 c:/altera/11.0sp1/nios2eds/bin/gnu/h-i686-mingw32/bin/../lib/gcc/nios2-elf/4.1.2\libgcc.a(_div_df.o)
 .comment       0x00000000       0x27 c:/altera/11.0sp1/nios2eds/bin/gnu/h-i686-mingw32/bin/../lib/gcc/nios2-elf/4.1.2\libgcc.a(_eq_df.o)
 .comment       0x00000000       0x27 c:/altera/11.0sp1/nios2eds/bin/gnu/h-i686-mingw32/bin/../lib/gcc/nios2-elf/4.1.2\libgcc.a(_ne_df.o)
 .comment       0x00000000       0x27 c:/altera/11.0sp1/nios2eds/bin/gnu/h-i686-mingw32/bin/../lib/gcc/nios2-elf/4.1.2\libgcc.a(_gt_df.o)
 .comment       0x00000000       0x27 c:/altera/11.0sp1/nios2eds/bin/gnu/h-i686-mingw32/bin/../lib/gcc/nios2-elf/4.1.2\libgcc.a(_ge_df.o)
 .comment       0x00000000       0x27 c:/altera/11.0sp1/nios2eds/bin/gnu/h-i686-mingw32/bin/../lib/gcc/nios2-elf/4.1.2\libgcc.a(_lt_df.o)
 .comment       0x00000000       0x27 c:/altera/11.0sp1/nios2eds/bin/gnu/h-i686-mingw32/bin/../lib/gcc/nios2-elf/4.1.2\libgcc.a(_si_to_df.o)
 .comment       0x00000000       0x27 c:/altera/11.0sp1/nios2eds/bin/gnu/h-i686-mingw32/bin/../lib/gcc/nios2-elf/4.1.2\libgcc.a(_df_to_si.o)
 .comment       0x00000000       0x27 c:/altera/11.0sp1/nios2eds/bin/gnu/h-i686-mingw32/bin/../lib/gcc/nios2-elf/4.1.2\libgcc.a(_thenan_df.o)
 .comment       0x00000000       0x27 c:/altera/11.0sp1/nios2eds/bin/gnu/h-i686-mingw32/bin/../lib/gcc/nios2-elf/4.1.2\libgcc.a(_usi_to_df.o)
 .comment       0x00000000       0x27 c:/altera/11.0sp1/nios2eds/bin/gnu/h-i686-mingw32/bin/../lib/gcc/nios2-elf/4.1.2\libgcc.a(lib2-divmod.o)
 .comment       0x00000000       0x27 c:/altera/11.0sp1/nios2eds/bin/gnu/h-i686-mingw32/bin/../lib/gcc/nios2-elf/4.1.2\libgcc.a(_muldi3.o)
 .comment       0x00000000       0x27 c:/altera/11.0sp1/nios2eds/bin/gnu/h-i686-mingw32/bin/../lib/gcc/nios2-elf/4.1.2\libgcc.a(_clz.o)
 .comment       0x00000000       0x27 c:/altera/11.0sp1/nios2eds/bin/gnu/h-i686-mingw32/bin/../lib/gcc/nios2-elf/4.1.2\libgcc.a(_clzsi2.o)
 .comment       0x00000000       0x27 c:/altera/11.0sp1/nios2eds/bin/gnu/h-i686-mingw32/bin/../lib/gcc/nios2-elf/4.1.2\libgcc.a(_pack_df.o)
 .comment       0x00000000       0x27 c:/altera/11.0sp1/nios2eds/bin/gnu/h-i686-mingw32/bin/../lib/gcc/nios2-elf/4.1.2\libgcc.a(_unpack_df.o)
 .comment       0x00000000       0x27 c:/altera/11.0sp1/nios2eds/bin/gnu/h-i686-mingw32/bin/../lib/gcc/nios2-elf/4.1.2\libgcc.a(_fpcmp_parts_df.o)
 .comment       0x00000000       0x27 ../Lab0_bsp/\libucosii_bsp.a(alt_exit.o)
 .comment       0x00000000       0x27 ../Lab0_bsp/\libucosii_bsp.a(alt_fstat.o)
 .comment       0x00000000       0x27 ../Lab0_bsp/\libucosii_bsp.a(alt_isatty.o)
 .comment       0x00000000       0x27 ../Lab0_bsp/\libucosii_bsp.a(alt_lseek.o)
 .comment       0x00000000       0x27 ../Lab0_bsp/\libucosii_bsp.a(alt_read.o)
 .comment       0x00000000       0x27 ../Lab0_bsp/\libucosii_bsp.a(alt_sbrk.o)
 .comment       0x00000000       0x27 ../Lab0_bsp/\libucosii_bsp.a(alt_write.o)

.debug
 *(.debug)

.line
 *(.line)

.debug_srcinfo
 *(.debug_srcinfo)

.debug_sfnames
 *(.debug_sfnames)

.debug_aranges  0x00000000      0xdb0
 *(.debug_aranges)
 .debug_aranges
                0x00000000       0x20 ../Lab0_bsp//obj/HAL/src/crt0.o
 .debug_aranges
                0x00000020       0x20 obj/hello_ucosii.o
 .debug_aranges
                0x00000040       0x20 ../Lab0_bsp/\libucosii_bsp.a(alt_main.o)
 .debug_aranges
                0x00000060       0x20 ../Lab0_bsp/\libucosii_bsp.a(alt_env_lock.o)
 .debug_aranges
                0x00000080       0x20 ../Lab0_bsp/\libucosii_bsp.a(alt_malloc_lock.o)
 .debug_aranges
                0x000000a0       0x20 ../Lab0_bsp/\libucosii_bsp.a(os_core.o)
 .debug_aranges
                0x000000c0       0x20 ../Lab0_bsp/\libucosii_bsp.a(os_dbg.o)
 .debug_aranges